Component: ARM Compiler 5.06 update 4 (build 422) Tool: armlink [4d35d2]

==============================================================================

Section Cross References

    startup_stm32f401xe.o(RESET) refers to startup_stm32f401xe.o(STACK) for __initial_sp
    startup_stm32f401xe.o(RESET) refers to startup_stm32f401xe.o(.text) for Reset_Handler
    startup_stm32f401xe.o(RESET) refers to stm32f4xx_it.o(i.NMI_Handler) for NMI_Handler
    startup_stm32f401xe.o(RESET) refers to stm32f4xx_it.o(i.HardFault_Handler) for HardFault_Handler
    startup_stm32f401xe.o(RESET) refers to stm32f4xx_it.o(i.MemManage_Handler) for MemManage_Handler
    startup_stm32f401xe.o(RESET) refers to stm32f4xx_it.o(i.BusFault_Handler) for BusFault_Handler
    startup_stm32f401xe.o(RESET) refers to stm32f4xx_it.o(i.UsageFault_Handler) for UsageFault_Handler
    startup_stm32f401xe.o(RESET) refers to port.o(.emb_text) for SVC_Handler
    startup_stm32f401xe.o(RESET) refers to stm32f4xx_it.o(i.DebugMon_Handler) for DebugMon_Handler
    startup_stm32f401xe.o(RESET) refers to stm32f4xx_it.o(i.SysTick_Handler) for SysTick_Handler
    startup_stm32f401xe.o(RESET) refers to stm32f4xx_it.o(i.TIM2_IRQHandler) for TIM2_IRQHandler
    startup_stm32f401xe.o(RESET) refers to stm32f4xx_it.o(i.DMA2_Stream0_IRQHandler) for DMA2_Stream0_IRQHandler
    startup_stm32f401xe.o(.text) refers to system_stm32f4xx.o(i.SystemInit) for SystemInit
    startup_stm32f401xe.o(.text) refers to entry.o(.ARM.Collect$$$$00000000) for __main
    cmsis_os.o(i.osDelay) refers to tasks.o(i.vTaskDelay) for vTaskDelay
    cmsis_os.o(i.osKernelRunning) refers to tasks.o(i.xTaskGetSchedulerState) for xTaskGetSchedulerState
    cmsis_os.o(i.osKernelStart) refers to tasks.o(i.vTaskStartScheduler) for vTaskStartScheduler
    cmsis_os.o(i.osKernelSysTick) refers to cmsis_os.o(i.inHandlerMode) for inHandlerMode
    cmsis_os.o(i.osKernelSysTick) refers to tasks.o(i.xTaskGetTickCountFromISR) for xTaskGetTickCountFromISR
    cmsis_os.o(i.osKernelSysTick) refers to tasks.o(i.xTaskGetTickCount) for xTaskGetTickCount
    cmsis_os.o(i.osMailAlloc) refers to cmsis_os.o(i.osPoolAlloc) for osPoolAlloc
    cmsis_os.o(i.osMailCAlloc) refers to cmsis_os.o(i.osMailAlloc) for osMailAlloc
    cmsis_os.o(i.osMailCreate) refers to heap_4.o(i.pvPortMalloc) for pvPortMalloc
    cmsis_os.o(i.osMailCreate) refers to queue.o(i.xQueueGenericCreate) for xQueueGenericCreate
    cmsis_os.o(i.osMailCreate) refers to cmsis_os.o(i.osPoolCreate) for osPoolCreate
    cmsis_os.o(i.osMailCreate) refers to heap_4.o(i.vPortFree) for vPortFree
    cmsis_os.o(i.osMailFree) refers to cmsis_os.o(i.osPoolFree) for osPoolFree
    cmsis_os.o(i.osMailGet) refers to cmsis_os.o(i.inHandlerMode) for inHandlerMode
    cmsis_os.o(i.osMailGet) refers to queue.o(i.xQueueReceiveFromISR) for xQueueReceiveFromISR
    cmsis_os.o(i.osMailGet) refers to queue.o(i.xQueueGenericReceive) for xQueueGenericReceive
    cmsis_os.o(i.osMailPut) refers to cmsis_os.o(i.inHandlerMode) for inHandlerMode
    cmsis_os.o(i.osMailPut) refers to queue.o(i.xQueueGenericSendFromISR) for xQueueGenericSendFromISR
    cmsis_os.o(i.osMailPut) refers to queue.o(i.xQueueGenericSend) for xQueueGenericSend
    cmsis_os.o(i.osMessageAvailableSpace) refers to queue.o(i.uxQueueSpacesAvailable) for uxQueueSpacesAvailable
    cmsis_os.o(i.osMessageCreate) refers to queue.o(i.xQueueGenericCreate) for xQueueGenericCreate
    cmsis_os.o(i.osMessageDelete) refers to cmsis_os.o(i.inHandlerMode) for inHandlerMode
    cmsis_os.o(i.osMessageDelete) refers to queue.o(i.vQueueDelete) for vQueueDelete
    cmsis_os.o(i.osMessageGet) refers to cmsis_os.o(i.inHandlerMode) for inHandlerMode
    cmsis_os.o(i.osMessageGet) refers to queue.o(i.xQueueReceiveFromISR) for xQueueReceiveFromISR
    cmsis_os.o(i.osMessageGet) refers to queue.o(i.xQueueGenericReceive) for xQueueGenericReceive
    cmsis_os.o(i.osMessagePeek) refers to queue.o(i.xQueueGenericReceive) for xQueueGenericReceive
    cmsis_os.o(i.osMessagePut) refers to cmsis_os.o(i.inHandlerMode) for inHandlerMode
    cmsis_os.o(i.osMessagePut) refers to queue.o(i.xQueueGenericSendFromISR) for xQueueGenericSendFromISR
    cmsis_os.o(i.osMessagePut) refers to queue.o(i.xQueueGenericSend) for xQueueGenericSend
    cmsis_os.o(i.osMessageWaiting) refers to cmsis_os.o(i.inHandlerMode) for inHandlerMode
    cmsis_os.o(i.osMessageWaiting) refers to queue.o(i.uxQueueMessagesWaitingFromISR) for uxQueueMessagesWaitingFromISR
    cmsis_os.o(i.osMessageWaiting) refers to queue.o(i.uxQueueMessagesWaiting) for uxQueueMessagesWaiting
    cmsis_os.o(i.osMutexCreate) refers to queue.o(i.xQueueCreateMutex) for xQueueCreateMutex
    cmsis_os.o(i.osMutexDelete) refers to cmsis_os.o(i.inHandlerMode) for inHandlerMode
    cmsis_os.o(i.osMutexDelete) refers to queue.o(i.vQueueDelete) for vQueueDelete
    cmsis_os.o(i.osMutexRelease) refers to cmsis_os.o(i.inHandlerMode) for inHandlerMode
[...]

==============================================================================

Image Symbol Table

    Local Symbols

    Symbol Name                              Value     Ov Type        Size  Object(Section)

    ../Drivers/STM32F4xx_HAL_Driver/Src/stm32f4xx_hal.c 0x00000000   Number         0  stm32f4xx_hal.o ABSOLUTE
    ../Drivers/STM32F4xx_HAL_Driver/Src/stm32f4xx_hal_adc.c 0x00000000   Number         0  stm32f4xx_hal_adc.o ABSOLUTE
    ../Drivers/STM32F4xx_HAL_Driver/Src/stm32f4xx_hal_adc_ex.c 0x00000000   Number         0  stm32f4xx_hal_adc_ex.o ABSOLUTE
    ../Drivers/STM32F4xx_HAL_Driver/Src/stm32f4xx_hal_cortex.c 0x00000000   Number         0  stm32f4xx_hal_cortex.o ABSOLUTE
    ../Drivers/STM32F4xx_HAL_Driver/Src/stm32f4xx_hal_dma.c 0x00000000   Number         0  stm32f4xx_hal_dma.o ABSOLUTE
    ../Drivers/STM32F4xx_HAL_Driver/Src/stm32f4xx_hal_dma_ex.c 0x00000000   Number         0  stm32f4xx_hal_dma_ex.o ABSOLUTE
    ../Drivers/STM32F4xx_HAL_Driver/Src/stm32f4xx_hal_flash.c 0x00000000   Number         0  stm32f4xx_hal_flash.o ABSOLUTE
    ../Drivers/STM32F4xx_HAL_Driver/Src/stm32f4xx_hal_flash_ex.c 0x00000000   Number         0  stm32f4xx_hal_flash_ex.o ABSOLUTE
    ../Drivers/STM32F4xx_HAL_Driver/Src/stm32f4xx_hal_flash_ramfunc.c 0x00000000   Number         0  stm32f4xx_hal_flash_ramfunc.o ABSOLUTE
    ../Drivers/STM32F4xx_HAL_Driver/Src/stm32f4xx_hal_gpio.c 0x00000000   Number         0  stm32f4xx_hal_gpio.o ABSOLUTE
    ../Drivers/STM32F4xx_HAL_Driver/Src/stm32f4xx_hal_pwr.c 0x00000000   Number         0  stm32f4xx_hal_pwr.o ABSOLUTE
    ../Drivers/STM32F4xx_HAL_Driver/Src/stm32f4xx_hal_pwr_ex.c 0x00000000   Number         0  stm32f4xx_hal_pwr_ex.o ABSOLUTE
    ../Drivers/STM32F4xx_HAL_Driver/Src/stm32f4xx_hal_rcc.c 0x00000000   Number         0  stm32f4xx_hal_rcc.o ABSOLUTE
    ../Drivers/STM32F4xx_HAL_Driver/Src/stm32f4xx_hal_rcc_ex.c 0x00000000   Number         0  stm32f4xx_hal_rcc_ex.o ABSOLUTE
    ../Drivers/STM32F4xx_HAL_Driver/Src/stm32f4xx_hal_tim.c 0x00000000   Number         0  stm32f4xx_hal_tim.o ABSOLUTE
    ../Drivers/STM32F4xx_HAL_Driver/Src/stm32f4xx_hal_tim_ex.c 0x00000000   Number         0  stm32f4xx_hal_tim_ex.o ABSOLUTE
    ../Drivers/STM32F4xx_HAL_Driver/Src/stm32f4xx_hal_uart.c 0x00000000   Number         0  stm32f4xx_hal_uart.o ABSOLUTE
    ../Middlewares/Third_Party/FreeRTOS/Source/CMSIS_RTOS/cmsis_os.c 0x00000000   Number         0  cmsis_os.o ABSOLUTE
    ../Middlewares/Third_Party/FreeRTOS/Source/croutine.c 0x00000000   Number         0  croutine.o ABSOLUTE
    ../Middlewares/Third_Party/FreeRTOS/Source/event_groups.c 0x00000000   Number         0  event_groups.o ABSOLUTE
    ../Middlewares/Third_Party/FreeRTOS/Source/list.c 0x00000000   Number         0  list.o ABSOLUTE
    ../Middlewares/Third_Party/FreeRTOS/Source/portable/MemMang/heap_4.c 0x00000000   Number         0  heap_4.o ABSOLUTE
    ../Middlewares/Third_Party/FreeRTOS/Source/portable/RVDS/ARM_CM4F/port.c 0x00000000   Number         0  port.o ABSOLUTE
    ../Middlewares/Third_Party/FreeRTOS/Source/queue.c 0x00000000   Number         0  queue.o ABSOLUTE
    ../Middlewares/Third_Party/FreeRTOS/Source/tasks.c 0x00000000   Number         0  tasks.o ABSOLUTE
    ../Middlewares/Third_Party/FreeRTOS/Source/timers.c 0x00000000   Number         0  timers.o ABSOLUTE
    ../Src/freertos.c                        0x00000000   Number         0  freertos.o ABSOLUTE
    ../Src/main.c                            0x00000000   Number         0  main.o ABSOLUTE
    ../Src/stm32f4xx_hal_msp.c               0x00000000   Number         0  stm32f4xx_hal_msp.o ABSOLUTE
    ../Src/stm32f4xx_it.c                    0x00000000   Number         0  stm32f4xx_it.o ABSOLUTE
    ../Src/system_stm32f4xx.c                0x00000000   Number         0  system_stm32f4xx.o ABSOLUTE
    ../clib/microlib/division.c              0x00000000   Number         0  uldiv.o ABSOLUTE
    ../clib/microlib/division.c              0x00000000   Number         0  uidiv.o ABSOLUTE
    ../clib/microlib/init/entry.s            0x00000000   Number         0  entry10a.o ABSOLUTE
    ../clib/microlib/init/entry.s            0x00000000   Number         0  entry9b.o ABSOLUTE
    ../clib/microlib/init/entry.s            0x00000000   Number         0  entry.o ABSOLUTE
    ../clib/microlib/init/entry.s            0x00000000   Number         0  entry9a.o ABSOLUTE
    ../clib/microlib/init/entry.s            0x00000000   Number         0  entry8b.o ABSOLUTE
    ../clib/microlib/init/entry.s            0x00000000   Number         0  entry8a.o ABSOLUTE
    ../clib/microlib/init/entry.s            0x00000000   Number         0  entry11b.o ABSOLUTE
    ../clib/microlib/init/entry.s            0x00000000   Number         0  entry7b.o ABSOLUTE
    ../clib/microlib/init/entry.s            0x00000000   Number         0  entry7a.o ABSOLUTE
    ../clib/microlib/init/entry.s            0x00000000   Number         0  entry2.o ABSOLUTE
    ../clib/microlib/init/entry.s            0x00000000   Number         0  entry5.o ABSOLUTE
    ../clib/microlib/init/entry.s            0x00000000   Number         0  entry11a.o ABSOLUTE
    ../clib/microlib/init/entry.s            0x00000000   Number         0  entry10b.o ABSOLUTE
    ../clib/microlib/longlong.c              0x00000000   Number         0  llushr.o ABSOLUTE
    ../clib/microlib/longlong.c              0x00000000   Number         0  llshl.o ABSOLUTE
    ../clib/microlib/longlong.c              0x00000000   Number         0  llsshr.o ABSOLUTE
    ../clib/microlib/printf/printf.c         0x00000000   Number         0  printfa.o ABSOLUTE
    ../clib/microlib/printf/printf.c         0x00000000   Number         0  printf8.o ABSOLUTE
    ../clib/microlib/printf/printf.c         0x00000000   Number         0  printf3.o ABSOLUTE
    ../clib/microlib/printf/printf.c         0x00000000   Number         0  printf4.o ABSOLUTE
    ../clib/microlib/printf/printf.c         0x00000000   Number         0  printf1.o ABSOLUTE
    ../clib/microlib/printf/printf.c         0x00000000   Number         0  printf5.o ABSOLUTE
    ../clib/microlib/printf/printf.c         0x00000000   Number         0  printf6.o ABSOLUTE
    ../clib/microlib/printf/printf.c         0x00000000   Number         0  printf2.o ABSOLUTE
    ../clib/microlib/printf/printf.c         0x00000000   Number         0  printf0.o ABSOLUTE
    ../clib/microlib/printf/printf.c         0x00000000   Number         0  printf7.o ABSOLUTE
    ../clib/microlib/printf/printf.c         0x00000000   Number         0  printfb.o ABSOLUTE
    ../clib/microlib/printf/stubs.s          0x00000000   Number         0  stubs.o ABSOLUTE
    ../clib/microlib/stdio/fputc.c           0x00000000   Number         0  fputc.o ABSOLUTE
    ../clib/microlib/stdio/semi.s            0x00000000   Number         0  semi.o ABSOLUTE
    ../clib/microlib/stdio/streams.c         0x00000000   Number         0  stdout.o ABSOLUTE
    ../clib/microlib/string/memcpy.c         0x00000000   Number         0  memcpyb.o ABSOLUTE
    ../clib/microlib/string/memcpy.c         0x00000000   Number         0  memcpya.o ABSOLUTE
    ../clib/microlib/string/memset.c         0x00000000   Number         0  memseta.o ABSOLUTE
    ../clib/microlib/string/strlen.c         0x00000000   Number         0  strlen.o ABSOLUTE
    ../clib/microlib/stubs.s                 0x00000000   Number         0  iusesemip.o ABSOLUTE
    ../clib/microlib/stubs.s                 0x00000000   Number         0  iusefp.o ABSOLUTE
    ../fplib/microlib/fpadd.c                0x00000000   Number         0  dadd.o ABSOLUTE
    ../fplib/microlib/fpdiv.c                0x00000000   Number         0  ddiv.o ABSOLUTE
    ../fplib/microlib/fpepilogue.c           0x00000000   Number         0  depilogue.o ABSOLUTE
    ../fplib/microlib/fpfix.c                0x00000000   Number         0  dfixul.o ABSOLUTE
    ../fplib/microlib/fpfix.c                0x00000000   Number         0  dfixi.o ABSOLUTE
    ../fplib/microlib/fpflt.c                0x00000000   Number         0  dfltui.o ABSOLUTE
    ../fplib/microlib/fpmul.c                0x00000000   Number         0  dmul.o ABSOLUTE
    ..\Drivers\STM32F4xx_HAL_Driver\Src\stm32f4xx_hal.c 0x00000000   Number         0  stm32f4xx_hal.o ABSOLUTE
    ..\Drivers\STM32F4xx_HAL_Driver\Src\stm32f4xx_hal_adc.c 0x00000000   Number         0  stm32f4xx_hal_adc.o ABSOLUTE
    ..\Drivers\STM32F4xx_HAL_Driver\Src\stm32f4xx_hal_adc_ex.c 0x00000000   Number         0  stm32f4xx_hal_adc_ex.o ABSOLUTE
    ..\Drivers\STM32F4xx_HAL_Driver\Src\stm32f4xx_hal_cortex.c 0x00000000   Number         0  stm32f4xx_hal_cortex.o ABSOLUTE
    ..\Drivers\STM32F4xx_HAL_Driver\Src\stm32f4xx_hal_dma.c 0x00000000   Number         0  stm32f4xx_hal_dma.o ABSOLUTE
    ..\Drivers\STM32F4xx_HAL_Driver\Src\stm32f4xx_hal_dma_ex.c 0x00000000   Number         0  stm32f4xx_hal_dma_ex.o ABSOLUTE
    ..\Drivers\STM32F4xx_HAL_Driver\Src\stm32f4xx_hal_flash.c 0x00000000   Number         0  stm32f4xx_hal_flash.o ABSOLUTE
    ..\Drivers\STM32F4xx_HAL_Driver\Src\stm32f4xx_hal_flash_ex.c 0x00000000   Number         0  stm32f4xx_hal_flash_ex.o ABSOLUTE
    ..\Drivers\STM32F4xx_HAL_Driver\Src\stm32f4xx_hal_flash_ramfunc.c 0x00000000   Number         0  stm32f4xx_hal_flash_ramfunc.o ABSOLUTE
    ..\Drivers\STM32F4xx_HAL_Driver\Src\stm32f4xx_hal_gpio.c 0x00000000   Number         0  stm32f4xx_hal_gpio.o ABSOLUTE
    ..\Drivers\STM32F4xx_HAL_Driver\Src\stm32f4xx_hal_pwr.c 0x00000000   Number         0  stm32f4xx_hal_pwr.o ABSOLUTE
    ..\Drivers\STM32F4xx_HAL_Driver\Src\stm32f4xx_hal_pwr_ex.c 0x00000000   Number         0  stm32f4xx_hal_pwr_ex.o ABSOLUTE
    ..\Drivers\STM32F4xx_HAL_Driver\Src\stm32f4xx_hal_rcc.c 0x00000000   Number         0  stm32f4xx_hal_rcc.o ABSOLUTE
    ..\Drivers\STM32F4xx_HAL_Driver\Src\stm32f4xx_hal_rcc_ex.c 0x00000000   Number         0  stm32f4xx_hal_rcc_ex.o ABSOLUTE
    ..\Drivers\STM32F4xx_HAL_Driver\Src\stm32f4xx_hal_tim.c 0x00000000   Number         0  stm32f4xx_hal_tim.o ABSOLUTE
    ..\Drivers\STM32F4xx_HAL_Driver\Src\stm32f4xx_hal_tim_ex.c 0x00000000   Number         0  stm32f4xx_hal_tim_ex.o ABSOLUTE
    ..\Drivers\STM32F4xx_HAL_Driver\Src\stm32f4xx_hal_uart.c 0x00000000   Number         0  stm32f4xx_hal_uart.o ABSOLUTE
    ..\Middlewares\Third_Party\FreeRTOS\Source\CMSIS_RTOS\cmsis_os.c 0x00000000   Number         0  cmsis_os.o ABSOLUTE
    ..\Middlewares\Third_Party\FreeRTOS\Source\portable\RVDS\ARM_CM4F\port.c 0x00000000   Number         0  port.o ABSOLUTE
    ..\Src\main.c                            0x00000000   Number         0  main.o ABSOLUTE
    ..\Src\stm32f4xx_hal_msp.c               0x00000000   Number         0  stm32f4xx_hal_msp.o ABSOLUTE
    ..\Src\stm32f4xx_it.c                    0x00000000   Number         0  stm32f4xx_it.o ABSOLUTE
    ..\Src\system_stm32f4xx.c                0x00000000   Number         0  system_stm32f4xx.o ABSOLUTE
    cdrcmple.s                               0x00000000   Number         0  cdrcmple.o ABSOLUTE
    dc.s                                     0x00000000   Number         0  dc.o ABSOLUTE
    handlers.s                               0x00000000   Number         0  handlers.o ABSOLUTE
    init.s                                   0x00000000   Number         0  init.o ABSOLUTE
    startup_stm32f401xe.s                    0x00000000   Number         0  startup_stm32f401xe.o ABSOLUTE
    RESET                                    0x08000000   Section      404  startup_stm32f401xe.o(RESET)
    .ARM.Collect$$$$00000000                 0x08000194   Section        0  entry.o(.ARM.Collect$$$$00000000)
    .ARM.Collect$$$$00000001                 0x08000194   Section        4  entry2.o(.ARM.Collect$$$$00000001)
    .ARM.Collect$$$$00000004                 0x08000198   Section        4  entry5.o(.ARM.Collect$$$$00000004)
    .ARM.Collect$$$$00000008                 0x0800019c   Section        0  entry7b.o(.ARM.Collect$$$$00000008)
    .ARM.Collect$$$$0000000A                 0x0800019c   Section        0  entry8b.o(.ARM.Collect$$$$0000000A)
    .ARM.Collect$$$$0000000B                 0x0800019c   Section        8  entry9a.o(.ARM.Collect$$$$0000000B)
    .ARM.Collect$$$$0000000D                 0x080001a4   Section        0  entry10a.o(.ARM.Collect$$$$0000000D)
    .ARM.Collect$$$$0000000F                 0x080001a4   Section        0  entry11a.o(.ARM.Collect$$$$0000000F)
    .ARM.Collect$$$$00002712                 0x080001a4   Section        4  entry2.o(.ARM.Collect$$$$00002712)
    __lit__00000000                          0x080001a4   Data           4  entry2.o(.ARM.Collect$$$$00002712)
    .emb_text                                0x080001a8   Section      186  port.o(.emb_text)
    $v0                                      0x080001a8   Number         0  port.o(.emb_text)
    .text                                    0x08000264   Section       36  startup_stm32f401xe.o(.text)
    $v0                                      0x08000264   Number         0  startup_stm32f401xe.o(.text)
    .text                                    0x08000288   Section        0  memcpya.o(.text)
    .text                                    0x080002ac   Section        0  memseta.o(.text)
    .text                                    0x080002d0   Section        0  strlen.o(.text)
    .text                                    0x080002de   Section        0  dadd.o(.text)
    .text                                    0x0800042c   Section        0  dmul.o(.text)
    .text                                    0x08000510   Section        0  ddiv.o(.text)
    .text                                    0x080005ee   Section        0  dfltui.o(.text)
    .text                                    0x08000608   Section        0  dfixi.o(.text)
    .text                                    0x08000646   Section        0  uidiv.o(.text)
    .text                                    0x08000672   Section        0  llshl.o(.text)
    .text                                    0x08000690   Section        0  llushr.o(.text)
    .text                                    0x080006b0   Section        0  llsshr.o(.text)
    .text                                    0x080006d4   Section        0  depilogue.o(.text)
    .text                                    0x080006d4   Section        0  iusefp.o(.text)
    .text                                    0x08000790   Section       36  init.o(.text)
    i.ADC_DMAConvCplt                        0x080007b4   Section        0  stm32f4xx_hal_adc.o(i.ADC_DMAConvCplt)
    ADC_DMAConvCplt                          0x080007b5   Thumb Code    98  stm32f4xx_hal_adc.o(i.ADC_DMAConvCplt)
    i.ADC_DMAError                           0x08000816   Section        0  stm32f4xx_hal_adc.o(i.ADC_DMAError)
    ADC_DMAError                             0x08000817   Thumb Code    22  stm32f4xx_hal_adc.o(i.ADC_DMAError)
    i.ADC_DMAHalfConvCplt                    0x0800082c   Section        0  stm32f4xx_hal_adc.o(i.ADC_DMAHalfConvCplt)
    ADC_DMAHalfConvCplt                      0x0800082d   Thumb Code    10  stm32f4xx_hal_adc.o(i.ADC_DMAHalfConvCplt)
    i.ADC_Init                               0x08000838   Section        0  stm32f4xx_hal_adc.o(i.ADC_Init)
    ADC_Init                                 0x08000839   Thumb Code   292  stm32f4xx_hal_adc.o(i.ADC_Init)
    i.BusFault_Handler                       0x08000964   Section        0  stm32f4xx_it.o(i.BusFault_Handler)
    i.DMA2_Stream0_IRQHandler                0x08000968   Section        0  stm32f4xx_it.o(i.DMA2_Stream0_IRQHandler)
    i.DMA_CalcBaseAndBitshift                0x08000974   Section        0  stm32f4xx_hal_dma.o(i.DMA_CalcBaseAndBitshift)
    DMA_CalcBaseAndBitshift                  0x08000975   Thumb Code    34  stm32f4xx_hal_dma.o(i.DMA_CalcBaseAndBitshift)
    i.DMA_CheckFifoParam                     0x0800099c   Section        0  stm32f4xx_hal_dma.o(i.DMA_CheckFifoParam)
    DMA_CheckFifoParam                       0x0800099d   Thumb Code    84  stm32f4xx_hal_dma.o(i.DMA_CheckFifoParam)
    i.DMA_SetConfig                          0x080009f0   Section        0  stm32f4xx_hal_dma.o(i.DMA_SetConfig)
    DMA_SetConfig                            0x080009f1   Thumb Code    40  stm32f4xx_hal_dma.o(i.DMA_SetConfig)
    i.DebugMon_Handler                       0x08000a18   Section        0  stm32f4xx_it.o(i.DebugMon_Handler)
    i.Error_Handler                          0x08000a1a   Section        0  main.o(i.Error_Handler)
    i.HAL_ADC_ConfigChannel                  0x08000a1c   Section        0  stm32f4xx_hal_adc.o(i.HAL_ADC_ConfigChannel)
    i.HAL_ADC_ConvCpltCallback               0x08000b68   Section        0  stm32f4xx_hal_adc.o(i.HAL_ADC_ConvCpltCallback)
    i.HAL_ADC_ConvHalfCpltCallback           0x08000b6a   Section        0  stm32f4xx_hal_adc.o(i.HAL_ADC_ConvHalfCpltCallback)
    i.HAL_ADC_ErrorCallback                  0x08000b6c   Section        0  stm32f4xx_hal_adc.o(i.HAL_ADC_ErrorCallback)
    i.HAL_ADC_GetValue                       0x08000b6e   Section        0  stm32f4xx_hal_adc.o(i.HAL_ADC_GetValue)
    i.HAL_ADC_Init                           0x08000b74   Section        0  stm32f4xx_hal_adc.o(i.HAL_ADC_Init)
    i.HAL_ADC_MspInit                        0x08000bc8   Section        0  stm32f4xx_hal_msp.o(i.HAL_ADC_MspInit)
    i.HAL_ADC_Start_DMA                      0x08000c44   Section        0  stm32f4xx_hal_adc.o(i.HAL_ADC_Start_DMA)
    i.HAL_DMA_IRQHandler                     0x08000d44   Section        0  stm32f4xx_hal_dma.o(i.HAL_DMA_IRQHandler)
    i.HAL_DMA_Init                           0x08000eec   Section        0  stm32f4xx_hal_dma.o(i.HAL_DMA_Init)
    i.HAL_DMA_Start_IT                       0x08000fc0   Section        0  stm32f4xx_hal_dma.o(i.HAL_DMA_Start_IT)
    i.HAL_Delay                              0x08001038   Section        0  stm32f4xx_hal.o(i.HAL_Delay)
    i.HAL_GPIO_Init                          0x08001054   Section        0  stm32f4xx_hal_gpio.o(i.HAL_GPIO_Init)
    i.HAL_GPIO_TogglePin                     0x080011dc   Section        0  stm32f4xx_hal_gpio.o(i.HAL_GPIO_TogglePin)
    i.HAL_GPIO_WritePin                      0x080011e4   Section        0  stm32f4xx_hal_gpio.o(i.HAL_GPIO_WritePin)
    i.HAL_GetTick                            0x080011f0   Section        0  stm32f4xx_hal.o(i.HAL_GetTick)
    i.HAL_IncTick                            0x080011fc   Section        0  stm32f4xx_hal.o(i.HAL_IncTick)
    i.HAL_Init                               0x0800120c   Section        0  stm32f4xx_hal.o(i.HAL_Init)
    i.HAL_InitTick                           0x08001240   Section        0  stm32f4xx_hal.o(i.HAL_InitTick)
    i.HAL_MspInit                            0x08001268   Section        0  stm32f4xx_hal_msp.o(i.HAL_MspInit)
    i.HAL_NVIC_EnableIRQ                     0x080012c0   Section        0  stm32f4xx_hal_cortex.o(i.HAL_NVIC_EnableIRQ)
    i.HAL_NVIC_SetPriority                   0x080012d8   Section        0  stm32f4xx_hal_cortex.o(i.HAL_NVIC_SetPriority)
    i.HAL_NVIC_SetPriorityGrouping           0x08001318   Section        0  stm32f4xx_hal_cortex.o(i.HAL_NVIC_SetPriorityGrouping)
    i.HAL_RCC_ClockConfig                    0x0800133c   Section        0  stm32f4xx_hal_rcc.o(i.HAL_RCC_ClockConfig)
    i.HAL_RCC_GetHCLKFreq                    0x080014b8   Section        0  stm32f4xx_hal_rcc.o(i.HAL_RCC_GetHCLKFreq)
    i.HAL_RCC_GetPCLK1Freq                   0x080014c4   Section        0  stm32f4xx_hal_rcc.o(i.HAL_RCC_GetPCLK1Freq)
    i.HAL_RCC_GetPCLK2Freq                   0x080014f4   Section        0  stm32f4xx_hal_rcc.o(i.HAL_RCC_GetPCLK2Freq)
    i.HAL_RCC_GetSysClockFreq                0x08001524   Section        0  stm32f4xx_hal_rcc.o(i.HAL_RCC_GetSysClockFreq)
    i.HAL_RCC_OscConfig                      0x08001598   Section        0  stm32f4xx_hal_rcc.o(i.HAL_RCC_OscConfig)
    i.HAL_SYSTICK_CLKSourceConfig            0x080018ac   Section        0  stm32f4xx_hal_cortex.o(i.HAL_SYSTICK_CLKSourceConfig)
    i.HAL_SYSTICK_Config                     0x080018c4   Section        0  stm32f4xx_hal_cortex.o(i.HAL_SYSTICK_Config)
    i.HAL_TIMEx_BreakCallback                0x080018ec   Section        0  stm32f4xx_hal_tim_ex.o(i.HAL_TIMEx_BreakCallback)
    i.HAL_TIMEx_CommutationCallback          0x080018ee   Section        0  stm32f4xx_hal_tim_ex.o(i.HAL_TIMEx_CommutationCallback)
    i.HAL_TIMEx_MasterConfigSynchronization  0x080018f0   Section        0  stm32f4xx_hal_tim_ex.o(i.HAL_TIMEx_MasterConfigSynchronization)
    i.HAL_TIM_Base_Init                      0x08001940   Section        0  stm32f4xx_hal_tim.o(i.HAL_TIM_Base_Init)
    i.HAL_TIM_Base_MspInit                   0x08001978   Section        0  stm32f4xx_hal_msp.o(i.HAL_TIM_Base_MspInit)
    i.HAL_TIM_ConfigClockSource              0x080019b0   Section        0  stm32f4xx_hal_tim.o(i.HAL_TIM_ConfigClockSource)
    i.HAL_TIM_IC_CaptureCallback             0x08001aa2   Section        0  stm32f4xx_hal_tim.o(i.HAL_TIM_IC_CaptureCallback)
    i.HAL_TIM_IRQHandler                     0x08001aa4   Section        0  stm32f4xx_hal_tim.o(i.HAL_TIM_IRQHandler)
    i.HAL_TIM_OC_DelayElapsedCallback        0x08001c0a   Section        0  stm32f4xx_hal_tim.o(i.HAL_TIM_OC_DelayElapsedCallback)
    i.HAL_TIM_PWM_PulseFinishedCallback      0x08001c0c   Section        0  stm32f4xx_hal_tim.o(i.HAL_TIM_PWM_PulseFinishedCallback)
    i.HAL_TIM_PeriodElapsedCallback          0x08001c0e   Section        0  stm32f4xx_hal_tim.o(i.HAL_TIM_PeriodElapsedCallback)
    i.HAL_TIM_TriggerCallback                0x08001c10   Section        0  stm32f4xx_hal_tim.o(i.HAL_TIM_TriggerCallback)
    i.HAL_UART_Init                          0x08001c12   Section        0  stm32f4xx_hal_uart.o(i.HAL_UART_Init)
    i.HAL_UART_MspInit                       0x08001c74   Section        0  stm32f4xx_hal_msp.o(i.HAL_UART_MspInit)
    i.HAL_UART_Transmit                      0x08001cc0   Section        0  stm32f4xx_hal_uart.o(i.HAL_UART_Transmit)
    i.HardFault_Handler                      0x08001d7a   Section        0  stm32f4xx_it.o(i.HardFault_Handler)
    i.MX_ADC1_Init                           0x08001d7c   Section        0  main.o(i.MX_ADC1_Init)
    MX_ADC1_Init                             0x08001d7d   Thumb Code    66  main.o(i.MX_ADC1_Init)
    i.MX_GPIO_Init                           0x08001dcc   Section        0  main.o(i.MX_GPIO_Init)
    MX_GPIO_Init                             0x08001dcd   Thumb Code    96  main.o(i.MX_GPIO_Init)
    i.MemManage_Handler                      0x08001e3c   Section        0  stm32f4xx_it.o(i.MemManage_Handler)
    i.NMI_Handler                            0x08001e3e   Section        0  stm32f4xx_it.o(i.NMI_Handler)
    i.NVIC_SetPriority                       0x08001e40   Section        0  stm32f4xx_hal_cortex.o(i.NVIC_SetPriority)
    NVIC_SetPriority                         0x08001e41   Thumb Code    32  stm32f4xx_hal_cortex.o(i.NVIC_SetPriority)
    i.SysTick_Handler                        0x08001e60   Section        0  stm32f4xx_it.o(i.SysTick_Handler)
    i.SystemClock_Config                     0x08001e70   Section        0  main.o(i.SystemClock_Config)
    i.SystemInit                             0x08001f10   Section        0  system_stm32f4xx.o(i.SystemInit)
    i.TIM2_IRQHandler                        0x08001f64   Section        0  stm32f4xx_it.o(i.TIM2_IRQHandler)
    i.TIM_Base_SetConfig                     0x08001f70   Section        0  stm32f4xx_hal_tim.o(i.TIM_Base_SetConfig)
    i.TIM_ETR_SetConfig                      0x08002000   Section        0  stm32f4xx_hal_tim.o(i.TIM_ETR_SetConfig)
    TIM_ETR_SetConfig                        0x08002001   Thumb Code    20  stm32f4xx_hal_tim.o(i.TIM_ETR_SetConfig)
    i.TIM_ITRx_SetConfig                     0x08002014   Section        0  stm32f4xx_hal_tim.o(i.TIM_ITRx_SetConfig)
    TIM_ITRx_SetConfig                       0x08002015   Thumb Code    16  stm32f4xx_hal_tim.o(i.TIM_ITRx_SetConfig)
    i.TIM_TI1_ConfigInputStage               0x08002024   Section        0  stm32f4xx_hal_tim.o(i.TIM_TI1_ConfigInputStage)
    TIM_TI1_ConfigInputStage                 0x08002025   Thumb Code    34  stm32f4xx_hal_tim.o(i.TIM_TI1_ConfigInputStage)
    i.TIM_TI2_ConfigInputStage               0x08002046   Section        0  stm32f4xx_hal_tim.o(i.TIM_TI2_ConfigInputStage)
    TIM_TI2_ConfigInputStage                 0x08002047   Thumb Code    36  stm32f4xx_hal_tim.o(i.TIM_TI2_ConfigInputStage)
    i.UART_SetConfig                         0x0800206c   Section        0  stm32f4xx_hal_uart.o(i.UART_SetConfig)
    UART_SetConfig                           0x0800206d   Thumb Code   676  stm32f4xx_hal_uart.o(i.UART_SetConfig)
    i.UART_WaitOnFlagUntilTimeout            0x08002318   Section        0  stm32f4xx_hal_uart.o(i.UART_WaitOnFlagUntilTimeout)
    UART_WaitOnFlagUntilTimeout              0x08002319   Thumb Code   100  stm32f4xx_hal_uart.o(i.UART_WaitOnFlagUntilTimeout)
    i.UsageFault_Handler                     0x0800237c   Section        0  stm32f4xx_it.o(i.UsageFault_Handler)
    i.__0sprintf$1                           0x08002380   Section        0  printf1.o(i.__0sprintf$1)
    i.__scatterload_copy                     0x080023a8   Section       14  handlers.o(i.__scatterload_copy)
    i.__scatterload_null                     0x080023b6   Section        2  handlers.o(i.__scatterload_null)
    i.__scatterload_zeroinit                 0x080023b8   Section       14  handlers.o(i.__scatterload_zeroinit)
    i._printf_core                           0x080023c8   Section        0  printf1.o(i._printf_core)
    _printf_core                             0x080023c9   Thumb Code   336  printf1.o(i._printf_core)
    i._sputc                                 0x0800251c   Section        0  printf1.o(i._sputc)
    _sputc                                   0x0800251d   Thumb Code    10  printf1.o(i._sputc)
    i.adc_task                               0x08002528   Section        0  main.o(i.adc_task)
    i.commu_task                             0x080025cc   Section        0  main.o(i.commu_task)
    i.inHandlerMode                          0x0800265c   Section        0  cmsis_os.o(i.inHandlerMode)
    inHandlerMode                            0x0800265d   Thumb Code    12  cmsis_os.o(i.inHandlerMode)
    i.main                                   0x08002668   Section        0  main.o(i.main)
    i.makeFreeRtosPriority                   0x08002774   Section        0  cmsis_os.o(i.makeFreeRtosPriority)
    makeFreeRtosPriority                     0x08002775   Thumb Code    12  cmsis_os.o(i.makeFreeRtosPriority)
    i.osDelay                                0x08002780   Section        0  cmsis_os.o(i.osDelay)
    i.osKernelStart                          0x0800278e   Section        0  cmsis_os.o(i.osKernelStart)
    i.osMailAlloc                            0x08002798   Section        0  cmsis_os.o(i.osMailAlloc)
    i.osMailCreate                           0x080027a4   Section        0  cmsis_os.o(i.osMailCreate)
    i.osMailFree                             0x08002800   Section        0  cmsis_os.o(i.osMailFree)
    i.osMailGet                              0x0800280c   Section        0  cmsis_os.o(i.osMailGet)
    i.osMailPut                              0x080028a0   Section        0  cmsis_os.o(i.osMailPut)
    i.osPoolAlloc                            0x080028fc   Section        0  cmsis_os.o(i.osPoolAlloc)
    i.osPoolCreate                           0x08002966   Section        0  cmsis_os.o(i.osPoolCreate)
    i.osPoolFree                             0x080029c4   Section        0  cmsis_os.o(i.osPoolFree)
    i.osSignalSet                            0x080029f4   Section        0  cmsis_os.o(i.osSignalSet)
    i.osSignalWait                           0x08002a4c   Section        0  cmsis_os.o(i.osSignalWait)
    i.osSystickHandler                       0x08002aa2   Section        0  cmsis_os.o(i.osSystickHandler)
    i.osThreadCreate                         0x08002ab6   Section        0  cmsis_os.o(i.osThreadCreate)
    i.prvAddCurrentTaskToDelayedList         0x08002ae4   Section        0  tasks.o(i.prvAddCurrentTaskToDelayedList)
    prvAddCurrentTaskToDelayedList           0x08002ae5   Thumb Code   102  tasks.o(i.prvAddCurrentTaskToDelayedList)
    i.prvAddNewTaskToReadyList               0x08002b54   Section        0  tasks.o(i.prvAddNewTaskToReadyList)
    prvAddNewTaskToReadyList                 0x08002b55   Thumb Code   196  tasks.o(i.prvAddNewTaskToReadyList)
    i.prvCheckTasksWaitingTermination        0x08002c24   Section        0  tasks.o(i.prvCheckTasksWaitingTermination)
    prvCheckTasksWaitingTermination          0x08002c25   Thumb Code    70  tasks.o(i.prvCheckTasksWaitingTermination)
    i.prvCopyDataFromQueue                   0x08002c74   Section        0  queue.o(i.prvCopyDataFromQueue)
    prvCopyDataFromQueue                     0x08002c75   Thumb Code    38  queue.o(i.prvCopyDataFromQueue)
    i.prvCopyDataToQueue                     0x08002c9a   Section        0  queue.o(i.prvCopyDataToQueue)
    prvCopyDataToQueue                       0x08002c9b   Thumb Code   108  queue.o(i.prvCopyDataToQueue)
    i.prvDeleteTCB                           0x08002d06   Section        0  tasks.o(i.prvDeleteTCB)
    prvDeleteTCB                             0x08002d07   Thumb Code    20  tasks.o(i.prvDeleteTCB)
    i.prvHeapInit                            0x08002d1c   Section        0  heap_4.o(i.prvHeapInit)
    prvHeapInit                              0x08002d1d   Thumb Code    66  heap_4.o(i.prvHeapInit)
    i.prvIdleTask                            0x08002d68   Section        0  tasks.o(i.prvIdleTask)
    prvIdleTask                              0x08002d69   Thumb Code    30  tasks.o(i.prvIdleTask)
    i.prvInitialiseNewTask                   0x08002d90   Section        0  tasks.o(i.prvInitialiseNewTask)
    prvInitialiseNewTask                     0x08002d91   Thumb Code   156  tasks.o(i.prvInitialiseNewTask)
    i.prvInsertBlockIntoFreeList             0x08002e2c   Section        0  heap_4.o(i.prvInsertBlockIntoFreeList)
    prvInsertBlockIntoFreeList               0x08002e2d   Thumb Code    72  heap_4.o(i.prvInsertBlockIntoFreeList)
    i.prvIsQueueEmpty                        0x08002e78   Section        0  queue.o(i.prvIsQueueEmpty)
    prvIsQueueEmpty                          0x08002e79   Thumb Code    28  queue.o(i.prvIsQueueEmpty)
    i.prvResetNextTaskUnblockTime            0x08002e94   Section        0  tasks.o(i.prvResetNextTaskUnblockTime)
    prvResetNextTaskUnblockTime              0x08002e95   Thumb Code    26  tasks.o(i.prvResetNextTaskUnblockTime)
    i.prvTaskExitError                       0x08002eb4   Section        0  port.o(i.prvTaskExitError)
    prvTaskExitError                         0x08002eb5   Thumb Code    36  port.o(i.prvTaskExitError)
    i.prvUnlockQueue                         0x08002edc   Section        0  queue.o(i.prvUnlockQueue)
    prvUnlockQueue                           0x08002edd   Thumb Code   106  queue.o(i.prvUnlockQueue)
    i.pvPortMalloc                           0x08002f48   Section        0  heap_4.o(i.pvPortMalloc)
    i.pvTaskIncrementMutexHeldCount          0x08003020   Section        0  tasks.o(i.pvTaskIncrementMutexHeldCount)
    i.pxPortInitialiseStack                  0x08003038   Section        0  port.o(i.pxPortInitialiseStack)
    i.uxListRemove                           0x08003064   Section        0  list.o(i.uxListRemove)
    i.vListInitialise                        0x08003088   Section        0  list.o(i.vListInitialise)
    i.vListInitialiseItem                    0x0800309e   Section        0  list.o(i.vListInitialiseItem)
    i.vListInsert                            0x080030a4   Section        0  list.o(i.vListInsert)
    i.vListInsertEnd                         0x080030d4   Section        0  list.o(i.vListInsertEnd)
    i.vPortEnterCritical                     0x080030ec   Section        0  port.o(i.vPortEnterCritical)
    i.vPortExitCritical                      0x0800312c   Section        0  port.o(i.vPortExitCritical)
    i.vPortFree                              0x08003154   Section        0  heap_4.o(i.vPortFree)
    i.vPortSetupTimerInterrupt               0x080031b0   Section        0  port.o(i.vPortSetupTimerInterrupt)
    i.vPortValidateInterruptPriority         0x080031d0   Section        0  port.o(i.vPortValidateInterruptPriority)
    i.vTaskDelay                             0x08003224   Section        0  tasks.o(i.vTaskDelay)
    i.vTaskMissedYield                       0x08003270   Section        0  tasks.o(i.vTaskMissedYield)
    i.vTaskPlaceOnEventList                  0x0800327c   Section        0  tasks.o(i.vTaskPlaceOnEventList)
    i.vTaskPriorityInherit                   0x080032ac   Section        0  tasks.o(i.vTaskPriorityInherit)
    i.vTaskSetTimeOutState                   0x08003330   Section        0  tasks.o(i.vTaskSetTimeOutState)
    i.vTaskStartScheduler                    0x08003354   Section        0  tasks.o(i.vTaskStartScheduler)
    i.vTaskSuspendAll                        0x080033bc   Section        0  tasks.o(i.vTaskSuspendAll)
    i.vTaskSwitchContext                     0x080033cc   Section        0  tasks.o(i.vTaskSwitchContext)
    i.xPortStartScheduler                    0x08003428   Section        0  port.o(i.xPortStartScheduler)
    i.xPortSysTickHandler                    0x08003508   Section        0  port.o(i.xPortSysTickHandler)
    i.xQueueGenericCreate                    0x08003534   Section        0  queue.o(i.xQueueGenericCreate)
    i.xQueueGenericReceive                   0x08003588   Section        0  queue.o(i.xQueueGenericReceive)
    i.xQueueGenericReset                     0x080036f4   Section        0  queue.o(i.xQueueGenericReset)
    i.xQueueGenericSend                      0x0800377c   Section        0  queue.o(i.xQueueGenericSend)
    i.xQueueGenericSendFromISR               0x080038dc   Section        0  queue.o(i.xQueueGenericSendFromISR)
    i.xQueueReceiveFromISR                   0x08003998   Section        0  queue.o(i.xQueueReceiveFromISR)
    i.xTaskCheckForTimeOut                   0x08003a34   Section        0  tasks.o(i.xTaskCheckForTimeOut)
    i.xTaskCreate                            0x08003aa0   Section        0  tasks.o(i.xTaskCreate)
    i.xTaskGenericNotify                     0x08003af8   Section        0  tasks.o(i.xTaskGenericNotify)
    i.xTaskGenericNotifyFromISR              0x08003bc4   Section        0  tasks.o(i.xTaskGenericNotifyFromISR)
    i.xTaskGetSchedulerState                 0x08003cb4   Section        0  tasks.o(i.xTaskGetSchedulerState)
    i.xTaskIncrementTick                     0x08003cd0   Section        0  tasks.o(i.xTaskIncrementTick)
    i.xTaskNotifyWait                        0x08003d98   Section        0  tasks.o(i.xTaskNotifyWait)
    i.xTaskPriorityDisinherit                0x08003e24   Section        0  tasks.o(i.xTaskPriorityDisinherit)
    i.xTaskRemoveFromEventList               0x08003ebc   Section        0  tasks.o(i.xTaskRemoveFromEventList)
    i.xTaskResumeAll                         0x08003f30   Section        0  tasks.o(i.xTaskResumeAll)
    .constdata                               0x08003ff4   Section       16  system_stm32f4xx.o(.constdata)
    .constdata                               0x08004004   Section        8  system_stm32f4xx.o(.constdata)
    .constdata                               0x0800400c   Section        8  stm32f4xx_hal_dma.o(.constdata)
    flagBitshiftOffset                       0x0800400c   Data           8  stm32f4xx_hal_dma.o(.constdata)
    .constdata                               0x08004014   Section      308  main.o(.constdata)
    .conststring                             0x08004148   Section      109  main.o(.conststring)
    .data                                    0x20000000   Section       24  heap_4.o(.data)
    pxEnd                                    0x20000000   Data           4  heap_4.o(.data)
    xFreeBytesRemaining                      0x20000004   Data           4  heap_4.o(.data)
    xMinimumEverFreeBytesRemaining           0x20000008   Data           4  heap_4.o(.data)
    xBlockAllocatedBit                       0x2000000c   Data           4  heap_4.o(.data)
    xStart                                   0x20000010   Data           8  heap_4.o(.data)
    .data                                    0x20000018   Section       60  tasks.o(.data)
    uxDeletedTasksWaitingCleanUp             0x2000001c   Data           4  tasks.o(.data)
    uxCurrentNumberOfTasks                   0x20000020   Data           4  tasks.o(.data)
    xTickCount                               0x20000024   Data           4  tasks.o(.data)
    uxTopReadyPriority                       0x20000028   Data           4  tasks.o(.data)
    xSchedulerRunning                        0x2000002c   Data           4  tasks.o(.data)
    uxPendedTicks                            0x20000030   Data           4  tasks.o(.data)
    xYieldPending                            0x20000034   Data           4  tasks.o(.data)
    xNumOfOverflows                          0x20000038   Data           4  tasks.o(.data)
    uxTaskNumber                             0x2000003c   Data           4  tasks.o(.data)
    xNextTaskUnblockTime                     0x20000040   Data           4  tasks.o(.data)
    xIdleTaskHandle                          0x20000044   Data           4  tasks.o(.data)
    uxSchedulerSuspended                     0x20000048   Data           4  tasks.o(.data)
    pxDelayedTaskList                        0x2000004c   Data           4  tasks.o(.data)
    pxOverflowDelayedTaskList                0x20000050   Data           4  tasks.o(.data)
    .data                                    0x20000054   Section       12  port.o(.data)
    ucMaxSysCallPriority                     0x20000054   Data           1  port.o(.data)
    uxCriticalNesting                        0x20000058   Data           4  port.o(.data)
    ulMaxPRIGROUPValue                       0x2000005c   Data           4  port.o(.data)
    .data                                    0x20000060   Section        4  system_stm32f4xx.o(.data)
    .data                                    0x20000064   Section        4  stm32f4xx_hal.o(.data)
    .data                                    0x20000068   Section       24  main.o(.data)
    adcVal                                   0x20000068   Data           2  main.o(.data)
    .bss                                     0x20000080   Section    15360  heap_4.o(.bss)
    ucHeap                                   0x20000080   Data       15360  heap_4.o(.bss)
    .bss                                     0x20003c80   Section      240  tasks.o(.bss)
    pxReadyTasksLists                        0x20003c80   Data         140  tasks.o(.bss)
    xDelayedTaskList1                        0x20003d0c   Data          20  tasks.o(.bss)
    xDelayedTaskList2                        0x20003d20   Data          20  tasks.o(.bss)
    xPendingReadyList                        0x20003d34   Data          20  tasks.o(.bss)
    xTasksWaitingTermination                 0x20003d48   Data          20  tasks.o(.bss)
    xSuspendedTaskList                       0x20003d5c   Data          20  tasks.o(.bss)
    .bss                                     0x20003d70   Section      196  main.o(.bss)
    .bss                                     0x20003e34   Section       96  main.o(.bss)
    STACK                                    0x20003e98   Section     1024  startup_stm32f401xe.o(STACK)

    Global Symbols

    Symbol Name                              Value     Ov Type        Size  Object(Section)

    BuildAttributes$$THM_ISAv4$E$P$D$K$B$S$7EM$VFPi3$EXTD16$VFPS$VFMA$PE$A:L22UL41UL21$X:L11$S22US41US21$IEEE1$IW$USESV6$~STKCKD$USESV7$~SHL$OSPACE$ROPI$EBA8$MICROLIB$REQ8$PRES8$EABIv2 0x00000000   Number         0  anon$$obj.o ABSOLUTE
    __ARM_use_no_argv                        0x00000000   Number         0  main.o ABSOLUTE
    _printf_a                                0x00000000   Number         0  stubs.o ABSOLUTE
    _printf_c                                0x00000000   Number         0  stubs.o ABSOLUTE
    _printf_charcount                        0x00000000   Number         0  stubs.o ABSOLUTE
    _printf_d                                0x00000000   Number         0  stubs.o ABSOLUTE
    _printf_e                                0x00000000   Number         0  stubs.o ABSOLUTE
    _printf_f                                0x00000000   Number         0  stubs.o ABSOLUTE
    _printf_flags                            0x00000000   Number         0  stubs.o ABSOLUTE
    _printf_fp_dec                           0x00000000   Number         0  stubs.o ABSOLUTE
    _printf_fp_hex                           0x00000000   Number         0  stubs.o ABSOLUTE
    _printf_g                                0x00000000   Number         0  stubs.o ABSOLUTE
    _printf_i                                0x00000000   Number         0  stubs.o ABSOLUTE
    _printf_int_dec                          0x00000000   Number         0  stubs.o ABSOLUTE
    _printf_l                                0x00000000   Number         0  stubs.o ABSOLUTE
    _printf_lc                               0x00000000   Number         0  stubs.o ABSOLUTE
    _printf_ll                               0x00000000   Number         0  stubs.o ABSOLUTE
    _printf_lld                              0x00000000   Number         0  stubs.o ABSOLUTE
    _printf_lli                              0x00000000   Number         0  stubs.o ABSOLUTE
    _printf_llo                              0x00000000   Number         0  stubs.o ABSOLUTE
    _printf_llu                              0x00000000   Number         0  stubs.o ABSOLUTE
    _printf_llx                              0x00000000   Number         0  stubs.o ABSOLUTE
    _printf_longlong_dec                     0x00000000   Number         0  stubs.o ABSOLUTE
    _printf_longlong_hex                     0x00000000   Number         0  stubs.o ABSOLUTE
    _printf_longlong_oct                     0x00000000   Number         0  stubs.o ABSOLUTE
    _printf_ls                               0x00000000   Number         0  stubs.o ABSOLUTE
    _printf_mbtowc                           0x00000000   Number         0  stubs.o ABSOLUTE
    _printf_n                                0x00000000   Number         0  stubs.o ABSOLUTE
    _printf_o                                0x00000000   Number         0  stubs.o ABSOLUTE
    _printf_p                                0x00000000   Number         0  stubs.o ABSOLUTE
    _printf_percent                          0x00000000   Number         0  stubs.o ABSOLUTE
    _printf_pre_padding                      0x00000000   Number         0  stubs.o ABSOLUTE
    _printf_return_value                     0x00000000   Number         0  stubs.o ABSOLUTE
    _printf_s                                0x00000000   Number         0  stubs.o ABSOLUTE
    _printf_sizespec                         0x00000000   Number         0  stubs.o ABSOLUTE
    _printf_str                              0x00000000   Number         0  stubs.o ABSOLUTE
    _printf_truncate_signed                  0x00000000   Number         0  stubs.o ABSOLUTE
    _printf_truncate_unsigned                0x00000000   Number         0  stubs.o ABSOLUTE
    _printf_u                                0x00000000   Number         0  stubs.o ABSOLUTE
    _printf_wc                               0x00000000   Number         0  stubs.o ABSOLUTE
    _printf_wctomb                           0x00000000   Number         0  stubs.o ABSOLUTE
    _printf_widthprec                        0x00000000   Number         0  stubs.o ABSOLUTE
    _printf_x                                0x00000000   Number         0  stubs.o ABSOLUTE
    __cpp_initialize__aeabi_                  - Undefined Weak Reference
    __cxa_finalize                            - Undefined Weak Reference
    __decompress                              - Undefined Weak Reference
    _clock_init                               - Undefined Weak Reference
    _microlib_exit                            - Undefined Weak Reference
    __Vectors_Size                           0x00000194   Number         0  startup_stm32f401xe.o ABSOLUTE
    __Vectors                                0x08000000   Data           4  startup_stm32f401xe.o(RESET)
    __Vectors_End                            0x08000194   Data           0  startup_stm32f401xe.o(RESET)
    __main                                   0x08000195   Thumb Code     0  entry.o(.ARM.Collect$$$$00000000)
    _main_stk                                0x08000195   Thumb Code     0  entry2.o(.ARM.Collect$$$$00000001)
    _main_scatterload                        0x08000199   Thumb Code     0  entry5.o(.ARM.Collect$$$$00000004)
    __main_after_scatterload                 0x0800019d   Thumb Code     0  entry5.o(.ARM.Collect$$$$00000004)
    _main_clock                              0x0800019d   Thumb Code     0  entry7b.o(.ARM.Collect$$$$00000008)
    _main_cpp_init                           0x0800019d   Thumb Code     0  entry8b.o(.ARM.Collect$$$$0000000A)
    _main_init                               0x0800019d   Thumb Code     0  entry9a.o(.ARM.Collect$$$$0000000B)
    __rt_final_cpp                           0x080001a5   Thumb Code     0  entry10a.o(.ARM.Collect$$$$0000000D)
    __rt_final_exit                          0x080001a5   Thumb Code     0  entry11a.o(.ARM.Collect$$$$0000000F)
    SVC_Handler                              0x080001a9   Thumb Code    28  port.o(.emb_text)
    __asm___6_port_c_39a90d8d__prvStartFirstTask 0x080001c9   Thumb Code    28  port.o(.emb_text)
    __asm___6_port_c_39a90d8d__prvEnableVFP  0x080001e9   Thumb Code    16  port.o(.emb_text)
    PendSV_Handler                           0x080001fd   Thumb Code    92  port.o(.emb_text)
    vPortGetIPSR                             0x0800025d   Thumb Code     6  port.o(.emb_text)
    Reset_Handler                            0x08000265   Thumb Code     8  startup_stm32f401xe.o(.text)
    ADC_IRQHandler                           0x0800027f   Thumb Code     0  startup_stm32f401xe.o(.text)
    DMA1_Stream0_IRQHandler                  0x0800027f   Thumb Code     0  startup_stm32f401xe.o(.text)
    DMA1_Stream1_IRQHandler                  0x0800027f   Thumb Code     0  startup_stm32f401xe.o(.text)
    DMA1_Stream2_IRQHandler                  0x0800027f   Thumb Code     0  startup_stm32f401xe.o(.text)
    DMA1_Stream3_IRQHandler                  0x0800027f   Thumb Code     0  startup_stm32f401xe.o(.text)
    DMA1_Stream4_IRQHandler                  0x0800027f   Thumb Code     0  startup_stm32f401xe.o(.text)
    DMA1_Stream5_IRQHandler                  0x0800027f   Thumb Code     0  startup_stm32f401xe.o(.text)
    DMA1_Stream6_IRQHandler                  0x0800027f   Thumb Code     0  startup_stm32f401xe.o(.text)
    DMA1_Stream7_IRQHandler                  0x0800027f   Thumb Code     0  startup_stm32f401xe.o(.text)
    DMA2_Stream1_IRQHandler                  0x0800027f   Thumb Code     0  startup_stm32f401xe.o(.text)
    DMA2_Stream2_IRQHandler                  0x0800027f   Thumb Code     0  startup_stm32f401xe.o(.text)
    DMA2_Stream3_IRQHandler                  0x0800027f   Thumb Code     0  startup_stm32f401xe.o(.text)
    DMA2_Stream4_IRQHandler                  0x0800027f   Thumb Code     0  startup_stm32f401xe.o(.text)
    DMA2_Stream5_IRQHandler                  0x0800027f   Thumb Code     0  startup_stm32f401xe.o(.text)
    DMA2_Stream6_IRQHandler                  0x0800027f   Thumb Code     0  startup_stm32f401xe.o(.text)
    DMA2_Stream7_IRQHandler                  0x0800027f   Thumb Code     0  startup_stm32f401xe.o(.text)
    EXTI0_IRQHandler                         0x0800027f   Thumb Code     0  startup_stm32f401xe.o(.text)
    EXTI15_10_IRQHandler                     0x0800027f   Thumb Code     0  startup_stm32f401xe.o(.text)
    EXTI1_IRQHandler                         0x0800027f   Thumb Code     0  startup_stm32f401xe.o(.text)
    EXTI2_IRQHandler                         0x0800027f   Thumb Code     0  startup_stm32f401xe.o(.text)
    EXTI3_IRQHandler                         0x0800027f   Thumb Code     0  startup_stm32f401xe.o(.text)
    EXTI4_IRQHandler                         0x0800027f   Thumb Code     0  startup_stm32f401xe.o(.text)
    EXTI9_5_IRQHandler                       0x0800027f   Thumb Code     0  startup_stm32f401xe.o(.text)
    FLASH_IRQHandler                         0x0800027f   Thumb Code     0  startup_stm32f401xe.o(.text)
    FPU_IRQHandler                           0x0800027f   Thumb Code     0  startup_stm32f401xe.o(.text)
    I2C1_ER_IRQHandler                       0x0800027f   Thumb Code     0  startup_stm32f401xe.o(.text)
    I2C1_EV_IRQHandler                       0x0800027f   Thumb Code     0  startup_stm32f401xe.o(.text)
    I2C2_ER_IRQHandler                       0x0800027f   Thumb Code     0  startup_stm32f401xe.o(.text)
    I2C2_EV_IRQHandler                       0x0800027f   Thumb Code     0  startup_stm32f401xe.o(.text)
    I2C3_ER_IRQHandler                       0x0800027f   Thumb Code     0  startup_stm32f401xe.o(.text)
    I2C3_EV_IRQHandler                       0x0800027f   Thumb Code     0  startup_stm32f401xe.o(.text)
    OTG_FS_IRQHandler                        0x0800027f   Thumb Code     0  startup_stm32f401xe.o(.text)
    OTG_FS_WKUP_IRQHandler                   0x0800027f   Thumb Code     0  startup_stm32f401xe.o(.text)
    PVD_IRQHandler                           0x0800027f   Thumb Code     0  startup_stm32f401xe.o(.text)
    RCC_IRQHandler                           0x0800027f   Thumb Code     0  startup_stm32f401xe.o(.text)
    RTC_Alarm_IRQHandler                     0x0800027f   Thumb Code     0  startup_stm32f401xe.o(.text)
    RTC_WKUP_IRQHandler                      0x0800027f   Thumb Code     0  startup_stm32f401xe.o(.text)
    SDIO_IRQHandler                          0x0800027f   Thumb Code     0  startup_stm32f401xe.o(.text)
    SPI1_IRQHandler                          0x0800027f   Thumb Code     0  startup_stm32f401xe.o(.text)
    SPI2_IRQHandler                          0x0800027f   Thumb Code     0  startup_stm32f401xe.o(.text)
    SPI3_IRQHandler                          0x0800027f   Thumb Code     0  startup_stm32f401xe.o(.text)
    SPI4_IRQHandler                          0x0800027f   Thumb Code     0  startup_stm32f401xe.o(.text)
    TAMP_STAMP_IRQHandler                    0x0800027f   Thumb Code     0  startup_stm32f401xe.o(.text)
    TIM1_BRK_TIM9_IRQHandler                 0x0800027f   Thumb Code     0  startup_stm32f401xe.o(.text)
    TIM1_CC_IRQHandler                       0x0800027f   Thumb Code     0  startup_stm32f401xe.o(.text)
    TIM1_TRG_COM_TIM11_IRQHandler            0x0800027f   Thumb Code     0  startup_stm32f401xe.o(.text)
    TIM1_UP_TIM10_IRQHandler                 0x0800027f   Thumb Code     0  startup_stm32f401xe.o(.text)
    TIM3_IRQHandler                          0x0800027f   Thumb Code     0  startup_stm32f401xe.o(.text)
    TIM4_IRQHandler                          0x0800027f   Thumb Code     0  startup_stm32f401xe.o(.text)
    TIM5_IRQHandler                          0x0800027f   Thumb Code     0  startup_stm32f401xe.o(.text)
    USART1_IRQHandler                        0x0800027f   Thumb Code     0  startup_stm32f401xe.o(.text)
    USART2_IRQHandler                        0x0800027f   Thumb Code     0  startup_stm32f401xe.o(.text)
    USART6_IRQHandler                        0x0800027f   Thumb Code     0  startup_stm32f401xe.o(.text)
    WWDG_IRQHandler                          0x0800027f   Thumb Code     0  startup_stm32f401xe.o(.text)
    __aeabi_memcpy                           0x08000289   Thumb Code    36  memcpya.o(.text)
    __aeabi_memcpy4                          0x08000289   Thumb Code     0  memcpya.o(.text)
    __aeabi_memcpy8                          0x08000289   Thumb Code     0  memcpya.o(.text)
    __aeabi_memset                           0x080002ad   Thumb Code    14  memseta.o(.text)
    __aeabi_memset4                          0x080002ad   Thumb Code     0  memseta.o(.text)
    __aeabi_memset8                          0x080002ad   Thumb Code     0  memseta.o(.text)
    __aeabi_memclr                           0x080002bb   Thumb Code     4  memseta.o(.text)
    __aeabi_memclr4                          0x080002bb   Thumb Code     0  memseta.o(.text)
    __aeabi_memclr8                          0x080002bb   Thumb Code     0  memseta.o(.text)
    _memset$wrapper                          0x080002bf   Thumb Code    18  memseta.o(.text)
    strlen                                   0x080002d1   Thumb Code    14  strlen.o(.text)
    __aeabi_dadd                             0x080002df   Thumb Code   322  dadd.o(.text)
    __aeabi_dsub                             0x08000421   Thumb Code     6  dadd.o(.text)
    __aeabi_drsub                            0x08000427   Thumb Code     6  dadd.o(.text)
    __aeabi_dmul                             0x0800042d   Thumb Code   228  dmul.o(.text)
    __aeabi_ddiv                             0x08000511   Thumb Code   222  ddiv.o(.text)
    __aeabi_ui2d                             0x080005ef   Thumb Code    26  dfltui.o(.text)
    __aeabi_d2iz                             0x08000609   Thumb Code    62  dfixi.o(.text)
    __aeabi_uidiv                            0x08000647   Thumb Code     0  uidiv.o(.text)
    __aeabi_uidivmod                         0x08000647   Thumb Code    44  uidiv.o(.text)
    __aeabi_llsl                             0x08000673   Thumb Code    30  llshl.o(.text)
    _ll_shift_l                              0x08000673   Thumb Code     0  llshl.o(.text)
    __aeabi_llsr                             0x08000691   Thumb Code    32  llushr.o(.text)
    _ll_ushift_r                             0x08000691   Thumb Code     0  llushr.o(.text)
    __aeabi_lasr                             0x080006b1   Thumb Code    36  llsshr.o(.text)
    _ll_sshift_r                             0x080006b1   Thumb Code     0  llsshr.o(.text)
    __I$use$fp                               0x080006d5   Thumb Code     0  iusefp.o(.text)
    _double_round                            0x080006d5   Thumb Code    30  depilogue.o(.text)
    _double_epilogue                         0x080006f3   Thumb Code   156  depilogue.o(.text)
    __scatterload                            0x08000791   Thumb Code    28  init.o(.text)
    __scatterload_rt2                        0x08000791   Thumb Code     0  init.o(.text)
    BusFault_Handler                         0x08000965   Thumb Code     2  stm32f4xx_it.o(i.BusFault_Handler)
    DMA2_Stream0_IRQHandler                  0x08000969   Thumb Code     6  stm32f4xx_it.o(i.DMA2_Stream0_IRQHandler)
    DebugMon_Handler                         0x08000a19   Thumb Code     2  stm32f4xx_it.o(i.DebugMon_Handler)
    Error_Handler                            0x08000a1b   Thumb Code     2  main.o(i.Error_Handler)
    HAL_ADC_ConfigChannel                    0x08000a1d   Thumb Code   316  stm32f4xx_hal_adc.o(i.HAL_ADC_ConfigChannel)
    HAL_ADC_ConvCpltCallback                 0x08000b69   Thumb Code     2  stm32f4xx_hal_adc.o(i.HAL_ADC_ConvCpltCallback)
    HAL_ADC_ConvHalfCpltCallback             0x08000b6b   Thumb Code     2  stm32f4xx_hal_adc.o(i.HAL_ADC_ConvHalfCpltCallback)
    HAL_ADC_ErrorCallback                    0x08000b6d   Thumb Code     2  stm32f4xx_hal_adc.o(i.HAL_ADC_ErrorCallback)
    HAL_ADC_GetValue                         0x08000b6f   Thumb Code     6  stm32f4xx_hal_adc.o(i.HAL_ADC_GetValue)
    HAL_ADC_Init                             0x08000b75   Thumb Code    84  stm32f4xx_hal_adc.o(i.HAL_ADC_Init)
    HAL_ADC_MspInit                          0x08000bc9   Thumb Code   104  stm32f4xx_hal_msp.o(i.HAL_ADC_MspInit)
    HAL_ADC_Start_DMA                        0x08000c45   Thumb Code   228  stm32f4xx_hal_adc.o(i.HAL_ADC_Start_DMA)
    HAL_DMA_IRQHandler                       0x08000d45   Thumb Code   414  stm32f4xx_hal_dma.o(i.HAL_DMA_IRQHandler)
    HAL_DMA_Init                             0x08000eed   Thumb Code   206  stm32f4xx_hal_dma.o(i.HAL_DMA_Init)
    HAL_DMA_Start_IT                         0x08000fc1   Thumb Code   120  stm32f4xx_hal_dma.o(i.HAL_DMA_Start_IT)
    HAL_Delay                                0x08001039   Thumb Code    28  stm32f4xx_hal.o(i.HAL_Delay)
    HAL_GPIO_Init                            0x08001055   Thumb Code   358  stm32f4xx_hal_gpio.o(i.HAL_GPIO_Init)
    HAL_GPIO_TogglePin                       0x080011dd   Thumb Code     8  stm32f4xx_hal_gpio.o(i.HAL_GPIO_TogglePin)
    HAL_GPIO_WritePin                        0x080011e5   Thumb Code    10  stm32f4xx_hal_gpio.o(i.HAL_GPIO_WritePin)
    HAL_GetTick                              0x080011f1   Thumb Code     6  stm32f4xx_hal.o(i.HAL_GetTick)
    HAL_IncTick                              0x080011fd   Thumb Code    10  stm32f4xx_hal.o(i.HAL_IncTick)
    HAL_Init                                 0x0800120d   Thumb Code    48  stm32f4xx_hal.o(i.HAL_Init)
    HAL_InitTick                             0x08001241   Thumb Code    34  stm32f4xx_hal.o(i.HAL_InitTick)
    HAL_MspInit                              0x08001269   Thumb Code    88  stm32f4xx_hal_msp.o(i.HAL_MspInit)
    HAL_NVIC_EnableIRQ                       0x080012c1   Thumb Code    22  stm32f4xx_hal_cortex.o(i.HAL_NVIC_EnableIRQ)
    HAL_NVIC_SetPriority                     0x080012d9   Thumb Code    60  stm32f4xx_hal_cortex.o(i.HAL_NVIC_SetPriority)
    HAL_NVIC_SetPriorityGrouping             0x08001319   Thumb Code    26  stm32f4xx_hal_cortex.o(i.HAL_NVIC_SetPriorityGrouping)
    HAL_RCC_ClockConfig                      0x0800133d   Thumb Code   364  stm32f4xx_hal_rcc.o(i.HAL_RCC_ClockConfig)
    HAL_RCC_GetHCLKFreq                      0x080014b9   Thumb Code     6  stm32f4xx_hal_rcc.o(i.HAL_RCC_GetHCLKFreq)
    HAL_RCC_GetPCLK1Freq                     0x080014c5   Thumb Code    34  stm32f4xx_hal_rcc.o(i.HAL_RCC_GetPCLK1Freq)
    HAL_RCC_GetPCLK2Freq                     0x080014f5   Thumb Code    34  stm32f4xx_hal_rcc.o(i.HAL_RCC_GetPCLK2Freq)
    HAL_RCC_GetSysClockFreq                  0x08001525   Thumb Code   104  stm32f4xx_hal_rcc.o(i.HAL_RCC_GetSysClockFreq)
    HAL_RCC_OscConfig                        0x08001599   Thumb Code   770  stm32f4xx_hal_rcc.o(i.HAL_RCC_OscConfig)
    HAL_SYSTICK_CLKSourceConfig              0x080018ad   Thumb Code    24  stm32f4xx_hal_cortex.o(i.HAL_SYSTICK_CLKSourceConfig)
    HAL_SYSTICK_Config                       0x080018c5   Thumb Code    40  stm32f4xx_hal_cortex.o(i.HAL_SYSTICK_Config)
    HAL_TIMEx_BreakCallback                  0x080018ed   Thumb Code     2  stm32f4xx_hal_tim_ex.o(i.HAL_TIMEx_BreakCallback)
    HAL_TIMEx_CommutationCallback            0x080018ef   Thumb Code     2  stm32f4xx_hal_tim_ex.o(i.HAL_TIMEx_CommutationCallback)
    HAL_TIMEx_MasterConfigSynchronization    0x080018f1   Thumb Code    80  stm32f4xx_hal_tim_ex.o(i.HAL_TIMEx_MasterConfigSynchronization)
    HAL_TIM_Base_Init                        0x08001941   Thumb Code    54  stm32f4xx_hal_tim.o(i.HAL_TIM_Base_Init)
    HAL_TIM_Base_MspInit                     0x08001979   Thumb Code    50  stm32f4xx_hal_msp.o(i.HAL_TIM_Base_MspInit)
    HAL_TIM_ConfigClockSource                0x080019b1   Thumb Code   242  stm32f4xx_hal_tim.o(i.HAL_TIM_ConfigClockSource)
    HAL_TIM_IC_CaptureCallback               0x08001aa3   Thumb Code     2  stm32f4xx_hal_tim.o(i.HAL_TIM_IC_CaptureCallback)
    HAL_TIM_IRQHandler                       0x08001aa5   Thumb Code   358  stm32f4xx_hal_tim.o(i.HAL_TIM_IRQHandler)
    HAL_TIM_OC_DelayElapsedCallback          0x08001c0b   Thumb Code     2  stm32f4xx_hal_tim.o(i.HAL_TIM_OC_DelayElapsedCallback)
    HAL_TIM_PWM_PulseFinishedCallback        0x08001c0d   Thumb Code     2  stm32f4xx_hal_tim.o(i.HAL_TIM_PWM_PulseFinishedCallback)
    HAL_TIM_PeriodElapsedCallback            0x08001c0f   Thumb Code     2  stm32f4xx_hal_tim.o(i.HAL_TIM_PeriodElapsedCallback)
    HAL_TIM_TriggerCallback                  0x08001c11   Thumb Code     2  stm32f4xx_hal_tim.o(i.HAL_TIM_TriggerCallback)
    HAL_UART_Init                            0x08001c13   Thumb Code    98  stm32f4xx_hal_uart.o(i.HAL_UART_Init)
    HAL_UART_MspInit                         0x08001c75   Thumb Code    62  stm32f4xx_hal_msp.o(i.HAL_UART_MspInit)
    HAL_UART_Transmit                        0x08001cc1   Thumb Code   186  stm32f4xx_hal_uart.o(i.HAL_UART_Transmit)
    HardFault_Handler                        0x08001d7b   Thumb Code     2  stm32f4xx_it.o(i.HardFault_Handler)
    MemManage_Handler                        0x08001e3d   Thumb Code     2  stm32f4xx_it.o(i.MemManage_Handler)
    NMI_Handler                              0x08001e3f   Thumb Code     2  stm32f4xx_it.o(i.NMI_Handler)
    SysTick_Handler                          0x08001e61   Thumb Code    14  stm32f4xx_it.o(i.SysTick_Handler)
    SystemClock_Config                       0x08001e71   Thumb Code   150  main.o(i.SystemClock_Config)
    SystemInit                               0x08001f11   Thumb Code    66  system_stm32f4xx.o(i.SystemInit)
    TIM2_IRQHandler                          0x08001f65   Thumb Code     6  stm32f4xx_it.o(i.TIM2_IRQHandler)
    TIM_Base_SetConfig                       0x08001f71   Thumb Code   114  stm32f4xx_hal_tim.o(i.TIM_Base_SetConfig)
    UsageFault_Handler                       0x0800237d   Thumb Code     2  stm32f4xx_it.o(i.UsageFault_Handler)
    __0sprintf$1                             0x08002381   Thumb Code    34  printf1.o(i.__0sprintf$1)
    __1sprintf$1                             0x08002381   Thumb Code     0  printf1.o(i.__0sprintf$1)
    __2sprintf                               0x08002381   Thumb Code     0  printf1.o(i.__0sprintf$1)
    __scatterload_copy                       0x080023a9   Thumb Code    14  handlers.o(i.__scatterload_copy)
    __scatterload_null                       0x080023b7   Thumb Code     2  handlers.o(i.__scatterload_null)
    __scatterload_zeroinit                   0x080023b9   Thumb Code    14  handlers.o(i.__scatterload_zeroinit)
    adc_task                                 0x08002529   Thumb Code   134  main.o(i.adc_task)
    commu_task                               0x080025cd   Thumb Code   128  main.o(i.commu_task)
    main                                     0x08002669   Thumb Code   244  main.o(i.main)
    osDelay                                  0x08002781   Thumb Code    14  cmsis_os.o(i.osDelay)
    osKernelStart                            0x0800278f   Thumb Code    10  cmsis_os.o(i.osKernelStart)
    osMailAlloc                              0x08002799   Thumb Code    12  cmsis_os.o(i.osMailAlloc)
    osMailCreate                             0x080027a5   Thumb Code    92  cmsis_os.o(i.osMailCreate)
    osMailFree                               0x08002801   Thumb Code    12  cmsis_os.o(i.osMailFree)
    osMailGet                                0x0800280d   Thumb Code   142  cmsis_os.o(i.osMailGet)
    osMailPut                                0x080028a1   Thumb Code    88  cmsis_os.o(i.osMailPut)
    osPoolAlloc                              0x080028fd   Thumb Code   106  cmsis_os.o(i.osPoolAlloc)
    osPoolCreate                             0x08002967   Thumb Code    94  cmsis_os.o(i.osPoolCreate)
    osPoolFree                               0x080029c5   Thumb Code    48  cmsis_os.o(i.osPoolFree)
    osSignalSet                              0x080029f5   Thumb Code    82  cmsis_os.o(i.osSignalSet)
    osSignalWait                             0x08002a4d   Thumb Code    86  cmsis_os.o(i.osSignalWait)
    osSystickHandler                         0x08002aa3   Thumb Code    20  cmsis_os.o(i.osSystickHandler)
    osThreadCreate                           0x08002ab7   Thumb Code    46  cmsis_os.o(i.osThreadCreate)
    pvPortMalloc                             0x08002f49   Thumb Code   210  heap_4.o(i.pvPortMalloc)
    pvTaskIncrementMutexHeldCount            0x08003021   Thumb Code    18  tasks.o(i.pvTaskIncrementMutexHeldCount)
    pxPortInitialiseStack                    0x08003039   Thumb Code    40  port.o(i.pxPortInitialiseStack)
    uxListRemove                             0x08003065   Thumb Code    36  list.o(i.uxListRemove)
    vListInitialise                          0x08003089   Thumb Code    22  list.o(i.vListInitialise)
    vListInitialiseItem                      0x0800309f   Thumb Code     6  list.o(i.vListInitialiseItem)
    vListInsert                              0x080030a5   Thumb Code    48  list.o(i.vListInsert)
    vListInsertEnd                           0x080030d5   Thumb Code    24  list.o(i.vListInsertEnd)
    vPortEnterCritical                       0x080030ed   Thumb Code    54  port.o(i.vPortEnterCritical)
    vPortExitCritical                        0x0800312d   Thumb Code    34  port.o(i.vPortExitCritical)
    vPortFree                                0x08003155   Thumb Code    88  heap_4.o(i.vPortFree)
    vPortSetupTimerInterrupt                 0x080031b1   Thumb Code    26  port.o(i.vPortSetupTimerInterrupt)
    vPortValidateInterruptPriority           0x080031d1   Thumb Code    74  port.o(i.vPortValidateInterruptPriority)
    vTaskDelay                               0x08003225   Thumb Code    66  tasks.o(i.vTaskDelay)
    vTaskMissedYield                         0x08003271   Thumb Code     8  tasks.o(i.vTaskMissedYield)
    vTaskPlaceOnEventList                    0x0800327d   Thumb Code    44  tasks.o(i.vTaskPlaceOnEventList)
    vTaskPriorityInherit                     0x080032ad   Thumb Code   124  tasks.o(i.vTaskPriorityInherit)
    vTaskSetTimeOutState                     0x08003331   Thumb Code    30  tasks.o(i.vTaskSetTimeOutState)
    vTaskStartScheduler                      0x08003355   Thumb Code    86  tasks.o(i.vTaskStartScheduler)
    vTaskSuspendAll                          0x080033bd   Thumb Code    10  tasks.o(i.vTaskSuspendAll)
    vTaskSwitchContext                       0x080033cd   Thumb Code    82  tasks.o(i.vTaskSwitchContext)
    xPortStartScheduler                      0x08003429   Thumb Code   202  port.o(i.xPortStartScheduler)
    xPortSysTickHandler                      0x08003509   Thumb Code    38  port.o(i.xPortSysTickHandler)
    xQueueGenericCreate                      0x08003535   Thumb Code    82  queue.o(i.xQueueGenericCreate)
    xQueueGenericReceive                     0x08003589   Thumb Code   360  queue.o(i.xQueueGenericReceive)
    xQueueGenericReset                       0x080036f5   Thumb Code   132  queue.o(i.xQueueGenericReset)
    xQueueGenericSend                        0x0800377d   Thumb Code   346  queue.o(i.xQueueGenericSend)
    xQueueGenericSendFromISR                 0x080038dd   Thumb Code   188  queue.o(i.xQueueGenericSendFromISR)
    xQueueReceiveFromISR                     0x08003999   Thumb Code   154  queue.o(i.xQueueReceiveFromISR)
    xTaskCheckForTimeOut                     0x08003a35   Thumb Code   102  tasks.o(i.xTaskCheckForTimeOut)
    xTaskCreate                              0x08003aa1   Thumb Code    86  tasks.o(i.xTaskCreate)
    xTaskGenericNotify                       0x08003af9   Thumb Code   190  tasks.o(i.xTaskGenericNotify)
    xTaskGenericNotifyFromISR                0x08003bc5   Thumb Code   232  tasks.o(i.xTaskGenericNotifyFromISR)
    xTaskGetSchedulerState                   0x08003cb5   Thumb Code    22  tasks.o(i.xTaskGetSchedulerState)
    xTaskIncrementTick                       0x08003cd1   Thumb Code   192  tasks.o(i.xTaskIncrementTick)
    xTaskNotifyWait                          0x08003d99   Thumb Code   130  tasks.o(i.xTaskNotifyWait)
    xTaskPriorityDisinherit                  0x08003e25   Thumb Code   144  tasks.o(i.xTaskPriorityDisinherit)
    xTaskRemoveFromEventList                 0x08003ebd   Thumb Code   108  tasks.o(i.xTaskRemoveFromEventList)
    xTaskResumeAll                           0x08003f31   Thumb Code   182  tasks.o(i.xTaskResumeAll)
    AHBPrescTable                            0x08003ff4   Data          16  system_stm32f4xx.o(.constdata)
    APBPrescTable                            0x08004004   Data           8  system_stm32f4xx.o(.constdata)
    Region$$Table$$Base                      0x080041b8   Number         0  anon$$obj.o(Region$$Table)
    Region$$Table$$Limit                     0x080041d8   Number         0  anon$$obj.o(Region$$Table)
    pxCurrentTCB                             0x20000018   Data           4  tasks.o(.data)
    SystemCoreClock                          0x20000060   Data           4  system_stm32f4xx.o(.data)
    uwTick                                   0x20000064   Data           4  stm32f4xx_hal.o(.data)
    task01_CommuHandle                       0x2000006c   Data           4  main.o(.data)
    task2_ADCHandle                          0x20000070   Data           4  main.o(.data)
    Queue01Handle                            0x20000074   Data           4  main.o(.data)
    ConvertedData                            0x20000078   Data           8  main.o(.data)
    hadc1                                    0x20003d70   Data          72  main.o(.bss)
    htim2                                    0x20003db8   Data          60  main.o(.bss)
    huart2                                   0x20003df4   Data          64  main.o(.bss)
    hdma_adc1                                0x20003e34   Data          96  main.o(.bss)
    __initial_sp                             0x20004298   Data           0  startup_stm32f401xe.o(STACK)



==============================================================================

Memory Map of the image

  Image Entry point : 0x08000195

  Load Region LR_IROM1 (Base: 0x08000000, Size: 0x00004258, Max: 0x00080000, ABSOLUTE)

    Execution Region ER_IROM1 (Base: 0x08000000, Size: 0x000041d8, Max: 0x00080000, ABSOLUTE)

    Base Addr    Size         Type   Attr      Idx    E Section Name        Object

    0x08000000   0x00000194   Data   RO            3    RESET               startup_stm32f401xe.o
    0x08000194   0x00000000   Code   RO         4089  * .ARM.Collect$$$$00000000  mc_w.l(entry.o)
    0x08000194   0x00000004   Code   RO         4371    .ARM.Collect$$$$00000001  mc_w.l(entry2.o)
    0x08000198   0x00000004   Code   RO         4374    .ARM.Collect$$$$00000004  mc_w.l(entry5.o)
    0x0800019c   0x00000000   Code   RO         4376    .ARM.Collect$$$$00000008  mc_w.l(entry7b.o)
    0x0800019c   0x00000000   Code   RO         4378    .ARM.Collect$$$$0000000A  mc_w.l(entry8b.o)
    0x0800019c   0x00000008   Code   RO         4379    .ARM.Collect$$$$0000000B  mc_w.l(entry9a.o)
    0x080001a4   0x00000000   Code   RO         4381    .ARM.Collect$$$$0000000D  mc_w.l(entry10a.o)
    0x080001a4   0x00000000   Code   RO         4383    .ARM.Collect$$$$0000000F  mc_w.l(entry11a.o)
    0x080001a4   0x00000004   Code   RO         4372    .ARM.Collect$$$$00002712  mc_w.l(entry2.o)
    0x080001a8   0x000000ba   Code   RO         1111    .emb_text           port.o
    0x08000262   0x00000002   PAD
    0x08000264   0x00000024   Code   RO            4    .text               startup_stm32f401xe.o
    0x08000288   0x00000024   Code   RO         4092    .text               mc_w.l(memcpya.o)
    0x080002ac   0x00000024   Code   RO         4094    .text               mc_w.l(memseta.o)
    0x080002d0   0x0000000e   Code   RO         4096    .text               mc_w.l(strlen.o)
    0x080002de   0x0000014e   Code   RO         4361    .text               mf_w.l(dadd.o)
    0x0800042c   0x000000e4   Code   RO         4363    .text               mf_w.l(dmul.o)
    0x08000510   0x000000de   Code   RO         4365    .text               mf_w.l(ddiv.o)
    0x080005ee   0x0000001a   Code   RO         4367    .text               mf_w.l(dfltui.o)
    0x08000608   0x0000003e   Code   RO         4369    .text               mf_w.l(dfixi.o)
    0x08000646   0x0000002c   Code   RO         4388    .text               mc_w.l(uidiv.o)
    0x08000672   0x0000001e   Code   RO         4392    .text               mc_w.l(llshl.o)
    0x08000690   0x00000020   Code   RO         4394    .text               mc_w.l(llushr.o)
    0x080006b0   0x00000024   Code   RO         4396    .text               mc_w.l(llsshr.o)
    0x080006d4   0x00000000   Code   RO         4398    .text               mc_w.l(iusefp.o)
    0x080006d4   0x000000ba   Code   RO         4399    .text               mf_w.l(depilogue.o)
    0x0800078e   0x00000002   PAD
    0x08000790   0x00000024   Code   RO         4405    .text               mc_w.l(init.o)
    0x080007b4   0x00000062   Code   RO         3350    i.ADC_DMAConvCplt   stm32f4xx_hal_adc.o
    0x08000816   0x00000016   Code   RO         3351    i.ADC_DMAError      stm32f4xx_hal_adc.o
    0x0800082c   0x0000000a   Code   RO         3352    i.ADC_DMAHalfConvCplt  stm32f4xx_hal_adc.o
    0x08000836   0x00000002   PAD
    0x08000838   0x0000012c   Code   RO         3353    i.ADC_Init          stm32f4xx_hal_adc.o
    0x08000964   0x00000002   Code   RO         4013    i.BusFault_Handler  stm32f4xx_it.o
    0x08000966   0x00000002   PAD
    0x08000968   0x0000000c   Code   RO         4014    i.DMA2_Stream0_IRQHandler  stm32f4xx_it.o
    0x08000974   0x00000028   Code   RO         1550    i.DMA_CalcBaseAndBitshift  stm32f4xx_hal_dma.o
    0x0800099c   0x00000054   Code   RO         1551    i.DMA_CheckFifoParam  stm32f4xx_hal_dma.o
    0x080009f0   0x00000028   Code   RO         1552    i.DMA_SetConfig     stm32f4xx_hal_dma.o
    0x08000a18   0x00000002   Code   RO         4015    i.DebugMon_Handler  stm32f4xx_it.o
    0x08000a1a   0x00000002   Code   RO         3920    i.Error_Handler     main.o
    0x08000a1c   0x0000014c   Code   RO         3355    i.HAL_ADC_ConfigChannel  stm32f4xx_hal_adc.o
    0x08000b68   0x00000002   Code   RO         3356    i.HAL_ADC_ConvCpltCallback  stm32f4xx_hal_adc.o
    0x08000b6a   0x00000002   Code   RO         3357    i.HAL_ADC_ConvHalfCpltCallback  stm32f4xx_hal_adc.o
    0x08000b6c   0x00000002   Code   RO         3359    i.HAL_ADC_ErrorCallback  stm32f4xx_hal_adc.o
    0x08000b6e   0x00000006   Code   RO         3362    i.HAL_ADC_GetValue  stm32f4xx_hal_adc.o
    0x08000b74   0x00000054   Code   RO         3364    i.HAL_ADC_Init      stm32f4xx_hal_adc.o
    0x08000bc8   0x0000007c   Code   RO         3860    i.HAL_ADC_MspInit   stm32f4xx_hal_msp.o
    0x08000c44   0x00000100   Code   RO         3371    i.HAL_ADC_Start_DMA  stm32f4xx_hal_adc.o
    0x08000d44   0x000001a8   Code   RO         1558    i.HAL_DMA_IRQHandler  stm32f4xx_hal_dma.o
    0x08000eec   0x000000d4   Code   RO         1559    i.HAL_DMA_Init      stm32f4xx_hal_dma.o
    0x08000fc0   0x00000078   Code   RO         1563    i.HAL_DMA_Start_IT  stm32f4xx_hal_dma.o
    0x08001038   0x0000001c   Code   RO         3527    i.HAL_Delay         stm32f4xx_hal.o
    0x08001054   0x00000188   Code   RO         3796    i.HAL_GPIO_Init     stm32f4xx_hal_gpio.o
    0x080011dc   0x00000008   Code   RO         3799    i.HAL_GPIO_TogglePin  stm32f4xx_hal_gpio.o
    0x080011e4   0x0000000a   Code   RO         3800    i.HAL_GPIO_WritePin  stm32f4xx_hal_gpio.o
    0x080011ee   0x00000002   PAD
    0x080011f0   0x0000000c   Code   RO         3533    i.HAL_GetTick       stm32f4xx_hal.o
    0x080011fc   0x00000010   Code   RO         3535    i.HAL_IncTick       stm32f4xx_hal.o
    0x0800120c   0x00000034   Code   RO         3536    i.HAL_Init          stm32f4xx_hal.o
    0x08001240   0x00000028   Code   RO         3537    i.HAL_InitTick      stm32f4xx_hal.o
    0x08001268   0x00000058   Code   RO         3861    i.HAL_MspInit       stm32f4xx_hal_msp.o
    0x080012c0   0x00000016   Code   RO         3220    i.HAL_NVIC_EnableIRQ  stm32f4xx_hal_cortex.o
    0x080012d6   0x00000002   PAD
    0x080012d8   0x00000040   Code   RO         3226    i.HAL_NVIC_SetPriority  stm32f4xx_hal_cortex.o
    0x08001318   0x00000024   Code   RO         3227    i.HAL_NVIC_SetPriorityGrouping  stm32f4xx_hal_cortex.o
    0x0800133c   0x0000017c   Code   RO         3692    i.HAL_RCC_ClockConfig  stm32f4xx_hal_rcc.o
    0x080014b8   0x0000000c   Code   RO         3697    i.HAL_RCC_GetHCLKFreq  stm32f4xx_hal_rcc.o
    0x080014c4   0x00000030   Code   RO         3699    i.HAL_RCC_GetPCLK1Freq  stm32f4xx_hal_rcc.o
    0x080014f4   0x00000030   Code   RO         3700    i.HAL_RCC_GetPCLK2Freq  stm32f4xx_hal_rcc.o
    0x08001524   0x00000074   Code   RO         3701    i.HAL_RCC_GetSysClockFreq  stm32f4xx_hal_rcc.o
    0x08001598   0x00000314   Code   RO         3704    i.HAL_RCC_OscConfig  stm32f4xx_hal_rcc.o
    0x080018ac   0x00000018   Code   RO         3229    i.HAL_SYSTICK_CLKSourceConfig  stm32f4xx_hal_cortex.o
    0x080018c4   0x00000028   Code   RO         3231    i.HAL_SYSTICK_Config  stm32f4xx_hal_cortex.o
    0x080018ec   0x00000002   Code   RO         1656    i.HAL_TIMEx_BreakCallback  stm32f4xx_hal_tim_ex.o
    0x080018ee   0x00000002   Code   RO         1657    i.HAL_TIMEx_CommutationCallback  stm32f4xx_hal_tim_ex.o
    0x080018f0   0x00000050   Code   RO         1673    i.HAL_TIMEx_MasterConfigSynchronization  stm32f4xx_hal_tim_ex.o
    0x08001940   0x00000036   Code   RO         2264    i.HAL_TIM_Base_Init  stm32f4xx_hal_tim.o
    0x08001976   0x00000002   PAD
    0x08001978   0x00000038   Code   RO         3863    i.HAL_TIM_Base_MspInit  stm32f4xx_hal_msp.o
    0x080019b0   0x000000f2   Code   RO         2273    i.HAL_TIM_ConfigClockSource  stm32f4xx_hal_tim.o
    0x08001aa2   0x00000002   Code   RO         2293    i.HAL_TIM_IC_CaptureCallback  stm32f4xx_hal_tim.o
    0x08001aa4   0x00000166   Code   RO         2306    i.HAL_TIM_IRQHandler  stm32f4xx_hal_tim.o
    0x08001c0a   0x00000002   Code   RO         2309    i.HAL_TIM_OC_DelayElapsedCallback  stm32f4xx_hal_tim.o
    0x08001c0c   0x00000002   Code   RO         2336    i.HAL_TIM_PWM_PulseFinishedCallback  stm32f4xx_hal_tim.o
    0x08001c0e   0x00000002   Code   RO         2343    i.HAL_TIM_PeriodElapsedCallback  stm32f4xx_hal_tim.o
    0x08001c10   0x00000002   Code   RO         2347    i.HAL_TIM_TriggerCallback  stm32f4xx_hal_tim.o
    0x08001c12   0x00000062   Code   RO         1920    i.HAL_UART_Init     stm32f4xx_hal_uart.o
    0x08001c74   0x0000004c   Code   RO         3865    i.HAL_UART_MspInit  stm32f4xx_hal_msp.o
    0x08001cc0   0x000000ba   Code   RO         1928    i.HAL_UART_Transmit  stm32f4xx_hal_uart.o
    0x08001d7a   0x00000002   Code   RO         4016    i.HardFault_Handler  stm32f4xx_it.o
    0x08001d7c   0x00000050   Code   RO         3921    i.MX_ADC1_Init      main.o
    0x08001dcc   0x00000070   Code   RO         3922    i.MX_GPIO_Init      main.o
    0x08001e3c   0x00000002   Code   RO         4017    i.MemManage_Handler  stm32f4xx_it.o
    0x08001e3e   0x00000002   Code   RO         4018    i.NMI_Handler       stm32f4xx_it.o
    0x08001e40   0x00000020   Code   RO         3233    i.NVIC_SetPriority  stm32f4xx_hal_cortex.o
    0x08001e60   0x0000000e   Code   RO         4019    i.SysTick_Handler   stm32f4xx_it.o
    0x08001e6e   0x00000002   PAD
    0x08001e70   0x000000a0   Code   RO         3923    i.SystemClock_Config  main.o
    0x08001f10   0x00000054   Code   RO         1198    i.SystemInit        system_stm32f4xx.o
    0x08001f64   0x0000000c   Code   RO         4020    i.TIM2_IRQHandler   stm32f4xx_it.o
    0x08001f70   0x00000090   Code   RO         2348    i.TIM_Base_SetConfig  stm32f4xx_hal_tim.o
    0x08002000   0x00000014   Code   RO         2355    i.TIM_ETR_SetConfig  stm32f4xx_hal_tim.o
    0x08002014   0x00000010   Code   RO         2356    i.TIM_ITRx_SetConfig  stm32f4xx_hal_tim.o
    0x08002024   0x00000022   Code   RO         2362    i.TIM_TI1_ConfigInputStage  stm32f4xx_hal_tim.o
    0x08002046   0x00000024   Code   RO         2364    i.TIM_TI2_ConfigInputStage  stm32f4xx_hal_tim.o
    0x0800206a   0x00000002   PAD
    0x0800206c   0x000002ac   Code   RO         1946    i.UART_SetConfig    stm32f4xx_hal_uart.o
    0x08002318   0x00000064   Code   RO         1948    i.UART_WaitOnFlagUntilTimeout  stm32f4xx_hal_uart.o
    0x0800237c   0x00000002   Code   RO         4021    i.UsageFault_Handler  stm32f4xx_it.o
    0x0800237e   0x00000002   PAD
    0x08002380   0x00000028   Code   RO         4147    i.__0sprintf$1      mc_w.l(printf1.o)
    0x080023a8   0x0000000e   Code   RO         4411    i.__scatterload_copy  mc_w.l(handlers.o)
    0x080023b6   0x00000002   Code   RO         4412    i.__scatterload_null  mc_w.l(handlers.o)
    0x080023b8   0x0000000e   Code   RO         4413    i.__scatterload_zeroinit  mc_w.l(handlers.o)
    0x080023c6   0x00000002   PAD
    0x080023c8   0x00000154   Code   RO         4152    i._printf_core      mc_w.l(printf1.o)
    0x0800251c   0x0000000a   Code   RO         4154    i._sputc            mc_w.l(printf1.o)
    0x08002526   0x00000002   PAD
    0x08002528   0x000000a4   Code   RO         3924    i.adc_task          main.o
    0x080025cc   0x00000090   Code   RO         3925    i.commu_task        main.o
    0x0800265c   0x0000000c   Code   RO           12    i.inHandlerMode     cmsis_os.o
    0x08002668   0x0000010c   Code   RO         3926    i.main              main.o
    0x08002774   0x0000000c   Code   RO           14    i.makeFreeRtosPriority  cmsis_os.o
    0x08002780   0x0000000e   Code   RO           16    i.osDelay           cmsis_os.o
    0x0800278e   0x0000000a   Code   RO           19    i.osKernelStart     cmsis_os.o
    0x08002798   0x0000000c   Code   RO           21    i.osMailAlloc       cmsis_os.o
    0x080027a4   0x0000005c   Code   RO           23    i.osMailCreate      cmsis_os.o
    0x08002800   0x0000000c   Code   RO           24    i.osMailFree        cmsis_os.o
    0x0800280c   0x00000094   Code   RO           25    i.osMailGet         cmsis_os.o
    0x080028a0   0x0000005c   Code   RO           26    i.osMailPut         cmsis_os.o
    0x080028fc   0x0000006a   Code   RO           38    i.osPoolAlloc       cmsis_os.o
    0x08002966   0x0000005e   Code   RO           40    i.osPoolCreate      cmsis_os.o
    0x080029c4   0x00000030   Code   RO           41    i.osPoolFree        cmsis_os.o
    0x080029f4   0x00000058   Code   RO           50    i.osSignalSet       cmsis_os.o
    0x08002a4c   0x00000056   Code   RO           51    i.osSignalWait      cmsis_os.o
    0x08002aa2   0x00000014   Code   RO           52    i.osSystickHandler  cmsis_os.o
    0x08002ab6   0x0000002e   Code   RO           53    i.osThreadCreate    cmsis_os.o
    0x08002ae4   0x00000070   Code   RO          661    i.prvAddCurrentTaskToDelayedList  tasks.o
    0x08002b54   0x000000d0   Code   RO          662    i.prvAddNewTaskToReadyList  tasks.o
    0x08002c24   0x00000050   Code   RO          663    i.prvCheckTasksWaitingTermination  tasks.o
    0x08002c74   0x00000026   Code   RO          490    i.prvCopyDataFromQueue  queue.o
    0x08002c9a   0x0000006c   Code   RO          491    i.prvCopyDataToQueue  queue.o
    0x08002d06   0x00000014   Code   RO          664    i.prvDeleteTCB      tasks.o
    0x08002d1a   0x00000002   PAD
    0x08002d1c   0x0000004c   Code   RO          419    i.prvHeapInit       heap_4.o
    0x08002d68   0x00000028   Code   RO          665    i.prvIdleTask       tasks.o
    0x08002d90   0x0000009c   Code   RO          666    i.prvInitialiseNewTask  tasks.o
    0x08002e2c   0x0000004c   Code   RO          420    i.prvInsertBlockIntoFreeList  heap_4.o
    0x08002e78   0x0000001c   Code   RO          492    i.prvIsQueueEmpty   queue.o
    0x08002e94   0x00000020   Code   RO          668    i.prvResetNextTaskUnblockTime  tasks.o
    0x08002eb4   0x00000028   Code   RO         1112    i.prvTaskExitError  port.o
    0x08002edc   0x0000006a   Code   RO          493    i.prvUnlockQueue    queue.o
    0x08002f46   0x00000002   PAD
    0x08002f48   0x000000d8   Code   RO          421    i.pvPortMalloc      heap_4.o
    0x08003020   0x00000018   Code   RO          670    i.pvTaskIncrementMutexHeldCount  tasks.o
    0x08003038   0x0000002c   Code   RO         1113    i.pxPortInitialiseStack  port.o
    0x08003064   0x00000024   Code   RO         1075    i.uxListRemove      list.o
    0x08003088   0x00000016   Code   RO         1076    i.vListInitialise   list.o
    0x0800309e   0x00000006   Code   RO         1077    i.vListInitialiseItem  list.o
    0x080030a4   0x00000030   Code   RO         1078    i.vListInsert       list.o
    0x080030d4   0x00000018   Code   RO         1079    i.vListInsertEnd    list.o
    0x080030ec   0x00000040   Code   RO         1115    i.vPortEnterCritical  port.o
    0x0800312c   0x00000028   Code   RO         1116    i.vPortExitCritical  port.o
    0x08003154   0x0000005c   Code   RO          422    i.vPortFree         heap_4.o
    0x080031b0   0x00000020   Code   RO         1117    i.vPortSetupTimerInterrupt  port.o
    0x080031d0   0x00000054   Code   RO         1118    i.vPortValidateInterruptPriority  port.o
    0x08003224   0x0000004c   Code   RO          678    i.vTaskDelay        tasks.o
    0x08003270   0x0000000c   Code   RO          682    i.vTaskMissedYield  tasks.o
    0x0800327c   0x00000030   Code   RO          684    i.vTaskPlaceOnEventList  tasks.o
    0x080032ac   0x00000084   Code   RO          686    i.vTaskPriorityInherit  tasks.o
    0x08003330   0x00000024   Code   RO          690    i.vTaskSetTimeOutState  tasks.o
    0x08003354   0x00000068   Code   RO          691    i.vTaskStartScheduler  tasks.o
    0x080033bc   0x00000010   Code   RO          693    i.vTaskSuspendAll   tasks.o
    0x080033cc   0x0000005c   Code   RO          694    i.vTaskSwitchContext  tasks.o
    0x08003428   0x000000e0   Code   RO         1119    i.xPortStartScheduler  port.o
    0x08003508   0x0000002c   Code   RO         1120    i.xPortSysTickHandler  port.o
    0x08003534   0x00000052   Code   RO          504    i.xQueueGenericCreate  queue.o
    0x08003586   0x00000002   PAD
    0x08003588   0x0000016c   Code   RO          505    i.xQueueGenericReceive  queue.o
    0x080036f4   0x00000088   Code   RO          506    i.xQueueGenericReset  queue.o
    0x0800377c   0x00000160   Code   RO          507    i.xQueueGenericSend  queue.o
    0x080038dc   0x000000bc   Code   RO          508    i.xQueueGenericSendFromISR  queue.o
    0x08003998   0x0000009a   Code   RO          513    i.xQueueReceiveFromISR  queue.o
    0x08003a32   0x00000002   PAD
    0x08003a34   0x0000006c   Code   RO          695    i.xTaskCheckForTimeOut  tasks.o
    0x08003aa0   0x00000056   Code   RO          696    i.xTaskCreate       tasks.o
    0x08003af6   0x00000002   PAD
    0x08003af8   0x000000cc   Code   RO          697    i.xTaskGenericNotify  tasks.o
    0x08003bc4   0x000000f0   Code   RO          698    i.xTaskGenericNotifyFromISR  tasks.o
    0x08003cb4   0x0000001c   Code   RO          700    i.xTaskGetSchedulerState  tasks.o
    0x08003cd0   0x000000c8   Code   RO          703    i.xTaskIncrementTick  tasks.o
    0x08003d98   0x0000008c   Code   RO          705    i.xTaskNotifyWait   tasks.o
    0x08003e24   0x00000098   Code   RO          706    i.xTaskPriorityDisinherit  tasks.o
    0x08003ebc   0x00000074   Code   RO          707    i.xTaskRemoveFromEventList  tasks.o
    0x08003f30   0x000000c4   Code   RO          709    i.xTaskResumeAll    tasks.o
    0x08003ff4   0x00000010   Data   RO         1199    .constdata          system_stm32f4xx.o
    0x08004004   0x00000008   Data   RO         1200    .constdata          system_stm32f4xx.o
    0x0800400c   0x00000008   Data   RO         1565    .constdata          stm32f4xx_hal_dma.o
    0x08004014   0x00000134   Data   RO         3930    .constdata          main.o
    0x08004148   0x0000006d   Data   RO         3931    .conststring        main.o
    0x080041b5   0x00000003   PAD
    0x080041b8   0x00000020   Data   RO         4409    Region$$Table       anon$$obj.o


    Execution Region RW_IRAM1 (Base: 0x20000000, Size: 0x00004298, Max: 0x00018000, ABSOLUTE)

    Base Addr    Size         Type   Attr      Idx    E Section Name        Object

    0x20000000   0x00000018   Data   RW          427    .data               heap_4.o
    0x20000018   0x0000003c   Data   RW          712    .data               tasks.o
    0x20000054   0x0000000c   Data   RW         1121    .data               port.o
    0x20000060   0x00000004   Data   RW         1201    .data               system_stm32f4xx.o
    0x20000064   0x00000004   Data   RW         3542    .data               stm32f4xx_hal.o
    0x20000068   0x00000018   Data   RW         3932    .data               main.o
    0x20000080   0x00003c00   Zero   RW          426    .bss                heap_4.o
    0x20003c80   0x000000f0   Zero   RW          711    .bss                tasks.o
    0x20003d70   0x000000c4   Zero   RW         3927    .bss                main.o
    0x20003e34   0x00000060   Zero   RW         3928    .bss                main.o
    0x20003e94   0x00000004   PAD
    0x20003e98   0x00000400   Zero   RW            1    STACK               startup_stm32f401xe.o


==============================================================================

Image component sizes


      Code (inc. data)   RO Data    RW Data    ZI Data      Debug   Object Name

       892         16          0          0          0      37171   cmsis_os.o
         0          0          0          0          0       8088   croutine.o
       460         24          0         24      15360       8839   heap_4.o
       136          0          0          0          0       3538   list.o
       930        110        417         24        292       9635   main.o
       758         84          0         12          0      11921   port.o
      1556         14          0          0          0      22016   queue.o
        36          8        404          0       1024        836   startup_stm32f401xe.o
       148         22          0          4          0       4411   stm32f4xx_hal.o
      1114         52          0          0          0       7920   stm32f4xx_hal_adc.o
       218         14          0          0          0      31021   stm32f4xx_hal_cortex.o
       920         22          8          0          0       5815   stm32f4xx_hal_dma.o
       410         34          0          0          0       3009   stm32f4xx_hal_gpio.o
       344         40          0          0          0       2890   stm32f4xx_hal_msp.o
      1392         80          0          0          0       5652   stm32f4xx_hal_rcc.o
       914         30          0          0          0       9791   stm32f4xx_hal_tim.o
        84          0          0          0          0       2410   stm32f4xx_hal_tim_ex.o
      1068          8          0          0          0       4124   stm32f4xx_hal_uart.o
        50         12          0          0          0       4143   stm32f4xx_it.o
        84         18         24          4          0     414859   system_stm32f4xx.o
      2658        214          0         60        240      26460   tasks.o

    ----------------------------------------------------------------------
     14200        802        888        128      16920     624549   Object Totals
         0          0         32          0          0          0   (incl. Generated)
        28          0          3          0          4          0   (incl. Padding)

    ----------------------------------------------------------------------

      Code (inc. data)   RO Data    RW Data    ZI Data      Debug   Library Member Name

         0          0          0          0          0          0   entry.o
         0          0          0          0          0          0   entry10a.o
         0          0          0          0          0          0   entry11a.o
         8          4          0          0          0          0   entry2.o
         4          0          0          0          0          0   entry5.o
         0          0          0          0          0          0   entry7b.o
         0          0          0          0          0          0   entry8b.o
         8          4          0          0          0          0   entry9a.o
        30          0          0          0          0          0   handlers.o
        36          8          0          0          0         68   init.o
         0          0          0          0          0          0   iusefp.o
        30          0          0          0          0         68   llshl.o
        36          0          0          0          0         68   llsshr.o
        32          0          0          0          0         68   llushr.o
        36          0          0          0          0         68   memcpya.o
        36          0          0          0          0        108   memseta.o
       390         10          0          0          0        252   printf1.o
        14          0          0          0          0         68   strlen.o
        44          0          0          0          0         80   uidiv.o
       334          0          0          0          0        148   dadd.o
       222          0          0          0          0        100   ddiv.o
       186          0          0          0          0        176   depilogue.o
        62          0          0          0          0         80   dfixi.o
        26          0          0          0          0         76   dfltui.o
       228          0          0          0          0         96   dmul.o

    ----------------------------------------------------------------------
      1768         26          0          0          0       1524   Library Totals
         6          0          0          0          0          0   (incl. Padding)

    ----------------------------------------------------------------------

      Code (inc. data)   RO Data    RW Data    ZI Data      Debug   Library Name

       704         26          0          0          0        848   mc_w.l
      1058          0          0          0          0        676   mf_w.l

    ----------------------------------------------------------------------
      1768         26          0          0          0       1524   Library Totals

    ----------------------------------------------------------------------

==============================================================================


      Code (inc. data)   RO Data    RW Data    ZI Data      Debug   

     15968        828        888        128      16920     611449   Grand Totals
     15968        828        888        128      16920     611449   ELF Image Totals
     15968        828        888        128          0          0   ROM Totals

==============================================================================

    Total RO  Size (Code + RO Data)                16856 (  16.46kB)
    Total RW  Size (RW Data + ZI Data)             17048 (  16.65kB)
    Total ROM Size (Code + RO Data + RW Data)      16984 (  16.59kB)

==============================================================================

